Component: ARM Compiler 5.05 update 1 (build 106) Tool: armlink [4d0efa]

==============================================================================

Section Cross References

    main.o(i.HAL_UART_RxCpltCallback) refers to _printf_percent.o(.ARM.Collect$$_printf_percent$$00000000) for _printf_percent
    main.o(i.HAL_UART_RxCpltCallback) refers to _printf_s.o(.ARM.Collect$$_printf_percent$$00000014) for _printf_s
    main.o(i.HAL_UART_RxCpltCallback) refers to _printf_str.o(.text) for _printf_str
    main.o(i.HAL_UART_RxCpltCallback) refers to noretval__2printf.o(.text) for __2printf
    main.o(i.HAL_UART_RxCpltCallback) refers to main.o(i.response) for response
    main.o(i.HAL_UART_RxCpltCallback) refers to main.o(.bss) for uart_buf
    main.o(i.HAL_UART_RxCpltCallback) refers to main.o(.data) for recv_idx
    main.o(i.USART1_IRQHandler) refers to stm32f1xx_hal_uart.o(i.HAL_UART_IRQHandler) for HAL_UART_IRQHandler
    main.o(i.USART1_IRQHandler) refers to stm32f1xx_hal_uart.o(i.HAL_UART_Receive_IT) for HAL_UART_Receive_IT
    main.o(i.USART1_IRQHandler) refers to usart.o(.bss) for UART1_Handler
    main.o(i.USART1_IRQHandler) refers to main.o(.bss) for uart_buf
    main.o(i.build_ui) refers to lcd.o(i.LCD_Clear) for LCD_Clear
    main.o(i.build_ui) refers to lcd.o(i.LCD_DrawRectangle) for LCD_DrawRectangle
    main.o(i.build_ui) refers to lcd.o(i.LCD_Fill) for LCD_Fill
    main.o(i.build_ui) refers to lcd.o(i.LCD_ShowString) for LCD_ShowString
    main.o(i.build_ui) refers to lcd.o(.data) for POINT_COLOR
    main.o(i.left_show) refers to _printf_pad.o(.text) for _printf_pre_padding
    main.o(i.left_show) refers to _printf_percent.o(.ARM.Collect$$_printf_percent$$00000000) for _printf_percent
    main.o(i.left_show) refers to _printf_s.o(.ARM.Collect$$_printf_percent$$00000014) for _printf_s
    main.o(i.left_show) refers to _printf_str.o(.text) for _printf_str
    main.o(i.left_show) refers to strlen.o(.text) for strlen
    main.o(i.left_show) refers to strcpy.o(.text) for strcpy
    main.o(i.left_show) refers to noretval__2sprintf.o(.text) for __2sprintf
    main.o(i.left_show) refers to main.o(i.screen_write) for screen_write
    main.o(i.left_show) refers to main.o(.bss) for tmp
    main.o(i.main) refers to _printf_percent.o(.ARM.Collect$$_printf_percent$$00000000) for _printf_percent
    main.o(i.main) refers to _printf_s.o(.ARM.Collect$$_printf_percent$$00000014) for _printf_s
    main.o(i.main) refers to _printf_str.o(.text) for _printf_str
    main.o(i.main) refers to stm32f1xx_hal.o(i.HAL_Init) for HAL_Init
    main.o(i.main) refers to sys.o(i.Stm32_Clock_Init) for Stm32_Clock_Init
    main.o(i.main) refers to delay.o(i.delay_init) for delay_init
    main.o(i.main) refers to usart.o(i.uart_init) for uart_init
    main.o(i.main) refers to led.o(i.LED_Init) for LED_Init
    main.o(i.main) refers to key.o(i.KEY_Init) for KEY_Init
    main.o(i.main) refers to lcd.o(i.LCD_Init) for LCD_Init
    main.o(i.main) refers to 24l01.o(i.NRF24L01_Init) for NRF24L01_Init
    main.o(i.main) refers to main.o(i.build_ui) for build_ui
    main.o(i.main) refers to main.o(i.screen_write) for screen_write
    main.o(i.main) refers to delay.o(i.delay_ms) for delay_ms
    main.o(i.main) refers to 24l01.o(i.NRF24L01_Check) for NRF24L01_Check
    main.o(i.main) refers to key.o(i.KEY_Scan) for KEY_Scan
    main.o(i.main) refers to 24l01.o(i.NRF24L01_RX_Mode) for NRF24L01_RX_Mode
    main.o(i.main) refers to 24l01.o(i.NRF24L01_RxPacket) for NRF24L01_RxPacket
    main.o(i.main) refers to noretval__2printf.o(.text) for __2printf
    main.o(i.main) refers to stm32f1xx_hal_uart.o(i.HAL_UART_Receive_IT) for HAL_UART_Receive_IT
    main.o(i.main) refers to 24l01.o(i.NRF24L01_TX_Mode) for NRF24L01_TX_Mode
    main.o(i.main) refers to 24l01.o(i.NRF24L01_TxPacket) for NRF24L01_TxPacket
    main.o(i.main) refers to main.o(i.left_show) for left_show
    main.o(i.main) refers to strcmpv7m.o(.text) for strcmp
    main.o(i.main) refers to strcpy.o(.text) for strcpy
    main.o(i.main) refers to lcd.o(.data) for POINT_COLOR
    main.o(i.main) refers to main.o(.data) for status
    main.o(i.main) refers to main.o(.bss) for RX_buf
    main.o(i.main) refers to usart.o(.bss) for UART1_Handler
    main.o(i.response) refers to strlen.o(.text) for strlen
    main.o(i.response) refers to strcmpv7m.o(.text) for strcmp
    main.o(i.response) refers to main.o(i.screen_write) for screen_write
    main.o(i.response) refers to strcpy.o(.text) for strcpy
    main.o(i.response) refers to main.o(.data) for status
    main.o(i.response) refers to main.o(.bss) for TX_buf
    main.o(i.screen_show) refers to lcd.o(i.LCD_ShowString) for LCD_ShowString
    main.o(i.screen_show) refers to lcd.o(.data) for POINT_COLOR
    main.o(i.screen_show) refers to main.o(.data) for print_idx
    main.o(i.screen_show) refers to main.o(.bss) for line_color
    main.o(i.screen_write) refers to strlen.o(.text) for strlen
[...]
    ../clib/printf.c                         0x00000000   Number         0  __printf.o ABSOLUTE
    ../clib/printf.c                         0x00000000   Number         0  __2printf.o ABSOLUTE
    ../clib/printf.c                         0x00000000   Number         0  __2sprintf.o ABSOLUTE
    ../clib/printf.c                         0x00000000   Number         0  noretval__2printf.o ABSOLUTE
    ../clib/printf.c                         0x00000000   Number         0  noretval__2sprintf.o ABSOLUTE
    ../clib/printf.c                         0x00000000   Number         0  _printf_pad.o ABSOLUTE
    ../clib/printf.c                         0x00000000   Number         0  _printf_str.o ABSOLUTE
    ../clib/printf.c                         0x00000000   Number         0  _printf_char_common.o ABSOLUTE
    ../clib/printf.c                         0x00000000   Number         0  __printf_flags_ss.o ABSOLUTE
    ../clib/printf.c                         0x00000000   Number         0  __printf_wp.o ABSOLUTE
    ../clib/printf.c                         0x00000000   Number         0  __printf_flags_wp.o ABSOLUTE
    ../clib/printf.c                         0x00000000   Number         0  __printf_ss_wp.o ABSOLUTE
    ../clib/printf.c                         0x00000000   Number         0  __printf_flags_ss_wp.o ABSOLUTE
    ../clib/printf.c                         0x00000000   Number         0  __printf_flags.o ABSOLUTE
    ../clib/printf.c                         0x00000000   Number         0  __printf_ss.o ABSOLUTE
    ../clib/printf.c                         0x00000000   Number         0  _sputc.o ABSOLUTE
    ../clib/printf.c                         0x00000000   Number         0  _printf_char.o ABSOLUTE
    ../clib/printf_percent.s                 0x00000000   Number         0  _printf_percent_end.o ABSOLUTE
    ../clib/printf_percent.s                 0x00000000   Number         0  _printf_percent.o ABSOLUTE
    ../clib/printf_percent.s                 0x00000000   Number         0  _printf_s.o ABSOLUTE
    ../clib/signal.c                         0x00000000   Number         0  defsig_cppl_inner.o ABSOLUTE
    ../clib/signal.c                         0x00000000   Number         0  defsig_segv_inner.o ABSOLUTE
    ../clib/signal.c                         0x00000000   Number         0  defsig_rtmem_outer.o ABSOLUTE
    ../clib/signal.c                         0x00000000   Number         0  defsig_rtmem_formal.o ABSOLUTE
    ../clib/signal.c                         0x00000000   Number         0  defsig_rtmem_inner.o ABSOLUTE
    ../clib/signal.c                         0x00000000   Number         0  __raise.o ABSOLUTE
    ../clib/signal.c                         0x00000000   Number         0  defsig_general.o ABSOLUTE
    ../clib/signal.c                         0x00000000   Number         0  defsig_abrt_inner.o ABSOLUTE
    ../clib/signal.c                         0x00000000   Number         0  defsig_fpe_inner.o ABSOLUTE
    ../clib/signal.c                         0x00000000   Number         0  defsig_rtred_inner.o ABSOLUTE
    ../clib/signal.c                         0x00000000   Number         0  defsig_other.o ABSOLUTE
    ../clib/signal.c                         0x00000000   Number         0  defsig_stak_inner.o ABSOLUTE
    ../clib/signal.c                         0x00000000   Number         0  defsig_exit.o ABSOLUTE
    ../clib/signal.c                         0x00000000   Number         0  defsig_pvfn_inner.o ABSOLUTE
    ../clib/signal.s                         0x00000000   Number         0  defsig.o ABSOLUTE
    ../clib/stdio.c                          0x00000000   Number         0  ferror.o ABSOLUTE
    ../clib/stdio.c                          0x00000000   Number         0  ferror_locked.o ABSOLUTE
    ../clib/stdlib.c                         0x00000000   Number         0  exit.o ABSOLUTE
    ../clib/string.c                         0x00000000   Number         0  strlen.o ABSOLUTE
    ../clib/string.c                         0x00000000   Number         0  strcpy.o ABSOLUTE
    ../fplib/dfixu.s                         0x00000000   Number         0  dfixu.o ABSOLUTE
    ../fplib/dflt.s                          0x00000000   Number         0  dflt_clz.o ABSOLUTE
    ../fplib/dmul.s                          0x00000000   Number         0  dmul.o ABSOLUTE
    ../fplib/dnaninf.s                       0x00000000   Number         0  dnaninf.o ABSOLUTE
    ../fplib/dretinf.s                       0x00000000   Number         0  dretinf.o ABSOLUTE
    ../fplib/fpinit.s                        0x00000000   Number         0  fpinit.o ABSOLUTE
    ../fplib/usenofp.s                       0x00000000   Number         0  usenofp.o ABSOLUTE
    ..\CORE\startup_stm32f103xe.s            0x00000000   Number         0  startup_stm32f103xe.o ABSOLUTE
    ..\HALLIB\STM32F1xx_HAL_Driver\Src\stm32f1xx_hal.c 0x00000000   Number         0  stm32f1xx_hal.o ABSOLUTE
    ..\HALLIB\STM32F1xx_HAL_Driver\Src\stm32f1xx_hal_cortex.c 0x00000000   Number         0  stm32f1xx_hal_cortex.o ABSOLUTE
    ..\HALLIB\STM32F1xx_HAL_Driver\Src\stm32f1xx_hal_dma.c 0x00000000   Number         0  stm32f1xx_hal_dma.o ABSOLUTE
    ..\HALLIB\STM32F1xx_HAL_Driver\Src\stm32f1xx_hal_gpio.c 0x00000000   Number         0  stm32f1xx_hal_gpio.o ABSOLUTE
    ..\HALLIB\STM32F1xx_HAL_Driver\Src\stm32f1xx_hal_gpio_ex.c 0x00000000   Number         0  stm32f1xx_hal_gpio_ex.o ABSOLUTE
    ..\HALLIB\STM32F1xx_HAL_Driver\Src\stm32f1xx_hal_pwr.c 0x00000000   Number         0  stm32f1xx_hal_pwr.o ABSOLUTE
    ..\HALLIB\STM32F1xx_HAL_Driver\Src\stm32f1xx_hal_rcc.c 0x00000000   Number         0  stm32f1xx_hal_rcc.o ABSOLUTE
    ..\HALLIB\STM32F1xx_HAL_Driver\Src\stm32f1xx_hal_rcc_ex.c 0x00000000   Number         0  stm32f1xx_hal_rcc_ex.o ABSOLUTE
    ..\HALLIB\STM32F1xx_HAL_Driver\Src\stm32f1xx_hal_spi.c 0x00000000   Number         0  stm32f1xx_hal_spi.o ABSOLUTE
    ..\HALLIB\STM32F1xx_HAL_Driver\Src\stm32f1xx_hal_tim.c 0x00000000   Number         0  stm32f1xx_hal_tim.o ABSOLUTE
    ..\HALLIB\STM32F1xx_HAL_Driver\Src\stm32f1xx_hal_tim_ex.c 0x00000000   Number         0  stm32f1xx_hal_tim_ex.o ABSOLUTE
    ..\HALLIB\STM32F1xx_HAL_Driver\Src\stm32f1xx_hal_uart.c 0x00000000   Number         0  stm32f1xx_hal_uart.o ABSOLUTE
    ..\HALLIB\STM32F1xx_HAL_Driver\Src\stm32f1xx_hal_usart.c 0x00000000   Number         0  stm32f1xx_hal_usart.o ABSOLUTE
    ..\HARDWARE\KEY\key.c                    0x00000000   Number         0  key.o ABSOLUTE
    ..\HARDWARE\LCD\lcd.c                    0x00000000   Number         0  lcd.o ABSOLUTE
    ..\HARDWARE\LED\led.c                    0x00000000   Number         0  led.o ABSOLUTE
    ..\HARDWARE\NRF24L01\24l01.c             0x00000000   Number         0  24l01.o ABSOLUTE
    ..\HARDWARE\SPI\spi.c                    0x00000000   Number         0  spi.o ABSOLUTE
    ..\SYSTEM\delay\delay.c                  0x00000000   Number         0  delay.o ABSOLUTE
    ..\SYSTEM\sys\sys.c                      0x00000000   Number         0  sys.o ABSOLUTE
    ..\SYSTEM\usart\usart.c                  0x00000000   Number         0  usart.o ABSOLUTE
    ..\\HALLIB\\STM32F1xx_HAL_Driver\\Src\\stm32f1xx_hal.c 0x00000000   Number         0  stm32f1xx_hal.o ABSOLUTE
    ..\\HALLIB\\STM32F1xx_HAL_Driver\\Src\\stm32f1xx_hal_cortex.c 0x00000000   Number         0  stm32f1xx_hal_cortex.o ABSOLUTE
    ..\\HALLIB\\STM32F1xx_HAL_Driver\\Src\\stm32f1xx_hal_dma.c 0x00000000   Number         0  stm32f1xx_hal_dma.o ABSOLUTE
    ..\\HALLIB\\STM32F1xx_HAL_Driver\\Src\\stm32f1xx_hal_gpio.c 0x00000000   Number         0  stm32f1xx_hal_gpio.o ABSOLUTE
    ..\\HALLIB\\STM32F1xx_HAL_Driver\\Src\\stm32f1xx_hal_gpio_ex.c 0x00000000   Number         0  stm32f1xx_hal_gpio_ex.o ABSOLUTE
    ..\\HALLIB\\STM32F1xx_HAL_Driver\\Src\\stm32f1xx_hal_pwr.c 0x00000000   Number         0  stm32f1xx_hal_pwr.o ABSOLUTE
    ..\\HALLIB\\STM32F1xx_HAL_Driver\\Src\\stm32f1xx_hal_rcc.c 0x00000000   Number         0  stm32f1xx_hal_rcc.o ABSOLUTE
    ..\\HALLIB\\STM32F1xx_HAL_Driver\\Src\\stm32f1xx_hal_rcc_ex.c 0x00000000   Number         0  stm32f1xx_hal_rcc_ex.o ABSOLUTE
    ..\\HALLIB\\STM32F1xx_HAL_Driver\\Src\\stm32f1xx_hal_spi.c 0x00000000   Number         0  stm32f1xx_hal_spi.o ABSOLUTE
    ..\\HALLIB\\STM32F1xx_HAL_Driver\\Src\\stm32f1xx_hal_tim.c 0x00000000   Number         0  stm32f1xx_hal_tim.o ABSOLUTE
    ..\\HALLIB\\STM32F1xx_HAL_Driver\\Src\\stm32f1xx_hal_tim_ex.c 0x00000000   Number         0  stm32f1xx_hal_tim_ex.o ABSOLUTE
    ..\\HALLIB\\STM32F1xx_HAL_Driver\\Src\\stm32f1xx_hal_uart.c 0x00000000   Number         0  stm32f1xx_hal_uart.o ABSOLUTE
    ..\\HALLIB\\STM32F1xx_HAL_Driver\\Src\\stm32f1xx_hal_usart.c 0x00000000   Number         0  stm32f1xx_hal_usart.o ABSOLUTE
    ..\\HARDWARE\\KEY\\key.c                 0x00000000   Number         0  key.o ABSOLUTE
    ..\\HARDWARE\\LCD\\lcd.c                 0x00000000   Number         0  lcd.o ABSOLUTE
    ..\\HARDWARE\\LED\\led.c                 0x00000000   Number         0  led.o ABSOLUTE
    ..\\HARDWARE\\NRF24L01\\24l01.c          0x00000000   Number         0  24l01.o ABSOLUTE
    ..\\HARDWARE\\SPI\\spi.c                 0x00000000   Number         0  spi.o ABSOLUTE
    ..\\SYSTEM\\delay\\delay.c               0x00000000   Number         0  delay.o ABSOLUTE
    ..\\SYSTEM\\sys\\sys.c                   0x00000000   Number         0  sys.o ABSOLUTE
    ..\\SYSTEM\\usart\\usart.c               0x00000000   Number         0  usart.o ABSOLUTE
    dc.s                                     0x00000000   Number         0  dc.o ABSOLUTE
    main.c                                   0x00000000   Number         0  main.o ABSOLUTE
    main.c                                   0x00000000   Number         0  main.o ABSOLUTE
    stm32f1xx_hal_msp.c                      0x00000000   Number         0  stm32f1xx_hal_msp.o ABSOLUTE
    stm32f1xx_hal_msp.c                      0x00000000   Number         0  stm32f1xx_hal_msp.o ABSOLUTE
    stm32f1xx_it.c                           0x00000000   Number         0  stm32f1xx_it.o ABSOLUTE
    stm32f1xx_it.c                           0x00000000   Number         0  stm32f1xx_it.o ABSOLUTE
    system_stm32f1xx.c                       0x00000000   Number         0  system_stm32f1xx.o ABSOLUTE
    system_stm32f1xx.c                       0x00000000   Number         0  system_stm32f1xx.o ABSOLUTE
    RESET                                    0x08000000   Section      304  startup_stm32f103xe.o(RESET)
    !!!main                                  0x08000130   Section        8  __main.o(!!!main)
    !!!scatter                               0x08000138   Section       52  __scatter.o(!!!scatter)
    !!handler_copy                           0x0800016c   Section       26  __scatter_copy.o(!!handler_copy)
    !!handler_zi                             0x08000188   Section       28  __scatter_zi.o(!!handler_zi)
    .ARM.Collect$$_printf_percent$$00000000  0x080001a4   Section        0  _printf_percent.o(.ARM.Collect$$_printf_percent$$00000000)
    .ARM.Collect$$_printf_percent$$00000014  0x080001a4   Section        6  _printf_s.o(.ARM.Collect$$_printf_percent$$00000014)
    .ARM.Collect$$_printf_percent$$00000017  0x080001aa   Section        4  _printf_percent_end.o(.ARM.Collect$$_printf_percent$$00000017)
    .ARM.Collect$$libinit$$00000000          0x080001ae   Section        2  libinit.o(.ARM.Collect$$libinit$$00000000)
    .ARM.Collect$$libinit$$00000002          0x080001b0   Section        0  libinit2.o(.ARM.Collect$$libinit$$00000002)
    .ARM.Collect$$libinit$$00000004          0x080001b0   Section        0  libinit2.o(.ARM.Collect$$libinit$$00000004)
    .ARM.Collect$$libinit$$0000000A          0x080001b0   Section        0  libinit2.o(.ARM.Collect$$libinit$$0000000A)
    .ARM.Collect$$libinit$$0000000C          0x080001b0   Section        0  libinit2.o(.ARM.Collect$$libinit$$0000000C)
    .ARM.Collect$$libinit$$0000000E          0x080001b0   Section        0  libinit2.o(.ARM.Collect$$libinit$$0000000E)
    .ARM.Collect$$libinit$$00000011          0x080001b0   Section        0  libinit2.o(.ARM.Collect$$libinit$$00000011)
    .ARM.Collect$$libinit$$00000013          0x080001b0   Section        0  libinit2.o(.ARM.Collect$$libinit$$00000013)
    .ARM.Collect$$libinit$$00000015          0x080001b0   Section        0  libinit2.o(.ARM.Collect$$libinit$$00000015)
    .ARM.Collect$$libinit$$00000017          0x080001b0   Section        0  libinit2.o(.ARM.Collect$$libinit$$00000017)
    .ARM.Collect$$libinit$$00000019          0x080001b0   Section        0  libinit2.o(.ARM.Collect$$libinit$$00000019)
    .ARM.Collect$$libinit$$0000001B          0x080001b0   Section        0  libinit2.o(.ARM.Collect$$libinit$$0000001B)
    .ARM.Collect$$libinit$$0000001D          0x080001b0   Section        0  libinit2.o(.ARM.Collect$$libinit$$0000001D)
    .ARM.Collect$$libinit$$0000001F          0x080001b0   Section        0  libinit2.o(.ARM.Collect$$libinit$$0000001F)
    .ARM.Collect$$libinit$$00000021          0x080001b0   Section        0  libinit2.o(.ARM.Collect$$libinit$$00000021)
    .ARM.Collect$$libinit$$00000023          0x080001b0   Section        0  libinit2.o(.ARM.Collect$$libinit$$00000023)
    .ARM.Collect$$libinit$$00000025          0x080001b0   Section        0  libinit2.o(.ARM.Collect$$libinit$$00000025)
    .ARM.Collect$$libinit$$0000002C          0x080001b0   Section        0  libinit2.o(.ARM.Collect$$libinit$$0000002C)
    .ARM.Collect$$libinit$$0000002E          0x080001b0   Section        0  libinit2.o(.ARM.Collect$$libinit$$0000002E)
    .ARM.Collect$$libinit$$00000030          0x080001b0   Section        0  libinit2.o(.ARM.Collect$$libinit$$00000030)
    .ARM.Collect$$libinit$$00000032          0x080001b0   Section        0  libinit2.o(.ARM.Collect$$libinit$$00000032)
    .ARM.Collect$$libinit$$00000033          0x080001b0   Section        2  libinit2.o(.ARM.Collect$$libinit$$00000033)
    .ARM.Collect$$libshutdown$$00000000      0x080001b2   Section        2  libshutdown.o(.ARM.Collect$$libshutdown$$00000000)
    .ARM.Collect$$libshutdown$$00000003      0x080001b4   Section        0  libshutdown2.o(.ARM.Collect$$libshutdown$$00000003)
    .ARM.Collect$$libshutdown$$00000006      0x080001b4   Section        0  libshutdown2.o(.ARM.Collect$$libshutdown$$00000006)
    .ARM.Collect$$libshutdown$$00000009      0x080001b4   Section        0  libshutdown2.o(.ARM.Collect$$libshutdown$$00000009)
    .ARM.Collect$$libshutdown$$0000000B      0x080001b4   Section        0  libshutdown2.o(.ARM.Collect$$libshutdown$$0000000B)
    .ARM.Collect$$libshutdown$$0000000E      0x080001b4   Section        0  libshutdown2.o(.ARM.Collect$$libshutdown$$0000000E)
    .ARM.Collect$$libshutdown$$0000000F      0x080001b4   Section        2  libshutdown2.o(.ARM.Collect$$libshutdown$$0000000F)
    .ARM.Collect$$rtentry$$00000000          0x080001b6   Section        0  __rtentry.o(.ARM.Collect$$rtentry$$00000000)
    .ARM.Collect$$rtentry$$00000002          0x080001b6   Section        0  __rtentry2.o(.ARM.Collect$$rtentry$$00000002)
    .ARM.Collect$$rtentry$$00000004          0x080001b6   Section        6  __rtentry4.o(.ARM.Collect$$rtentry$$00000004)
    .ARM.Collect$$rtentry$$00000009          0x080001bc   Section        0  __rtentry2.o(.ARM.Collect$$rtentry$$00000009)
    .ARM.Collect$$rtentry$$0000000A          0x080001bc   Section        4  __rtentry2.o(.ARM.Collect$$rtentry$$0000000A)
    .ARM.Collect$$rtentry$$0000000C          0x080001c0   Section        0  __rtentry2.o(.ARM.Collect$$rtentry$$0000000C)
    .ARM.Collect$$rtentry$$0000000D          0x080001c0   Section        8  __rtentry2.o(.ARM.Collect$$rtentry$$0000000D)
    .ARM.Collect$$rtexit$$00000000           0x080001c8   Section        2  rtexit.o(.ARM.Collect$$rtexit$$00000000)
    .ARM.Collect$$rtexit$$00000002           0x080001ca   Section        0  rtexit2.o(.ARM.Collect$$rtexit$$00000002)
    .ARM.Collect$$rtexit$$00000003           0x080001ca   Section        4  rtexit2.o(.ARM.Collect$$rtexit$$00000003)
    .ARM.Collect$$rtexit$$00000004           0x080001ce   Section        6  rtexit2.o(.ARM.Collect$$rtexit$$00000004)
    .text                                    0x080001d4   Section       64  startup_stm32f103xe.o(.text)
    .text                                    0x08000214   Section        2  use_no_semi_2.o(.text)
    .text                                    0x08000218   Section        0  noretval__2printf.o(.text)
    .text                                    0x08000230   Section        0  noretval__2sprintf.o(.text)
    .text                                    0x08000258   Section        0  _printf_pad.o(.text)
    .text                                    0x080002a6   Section        0  _printf_str.o(.text)
    .text                                    0x080002f8   Section        0  __printf_wp.o(.text)
    .text                                    0x08000406   Section        0  strcpy.o(.text)
    .text                                    0x0800044e   Section        0  strlen.o(.text)
    .text                                    0x0800048c   Section       86  strncpy.o(.text)
    .text                                    0x080004e4   Section      128  strcmpv7m.o(.text)
    .text                                    0x08000564   Section        0  heapauxi.o(.text)
    .text                                    0x0800056a   Section        2  use_no_semi.o(.text)
    .text                                    0x0800056c   Section        0  _printf_char_common.o(.text)
    _printf_input_char                       0x0800056d   Thumb Code    10  _printf_char_common.o(.text)
    .text                                    0x0800059c   Section        0  _sputc.o(.text)
    .text                                    0x080005a6   Section        0  _printf_char.o(.text)
    .text                                    0x080005d4   Section        0  _printf_char_file.o(.text)
    .text                                    0x080005f8   Section       68  rt_memclr.o(.text)
    .text                                    0x0800063c   Section        0  ferror.o(.text)
    .text                                    0x08000644   Section       78  rt_memclr_w.o(.text)
    .text                                    0x08000692   Section       74  sys_stackheap_outer.o(.text)
    .text                                    0x080006dc   Section        0  exit.o(.text)
    .text                                    0x080006e8   Section        8  libspace.o(.text)
    i.BusFault_Handler                       0x080006f0   Section        0  stm32f1xx_it.o(i.BusFault_Handler)
    i.DebugMon_Handler                       0x080006f4   Section        0  stm32f1xx_it.o(i.DebugMon_Handler)
    i.HAL_DMA_Abort_IT                       0x080006f8   Section        0  stm32f1xx_hal_dma.o(i.HAL_DMA_Abort_IT)
    i.HAL_GPIO_Init                          0x080008a0   Section        0  stm32f1xx_hal_gpio.o(i.HAL_GPIO_Init)
    i.HAL_GPIO_ReadPin                       0x08000be0   Section        0  stm32f1xx_hal_gpio.o(i.HAL_GPIO_ReadPin)
    i.HAL_GPIO_WritePin                      0x08000bf0   Section        0  stm32f1xx_hal_gpio.o(i.HAL_GPIO_WritePin)
    i.HAL_GetTick                            0x08000bfc   Section        0  stm32f1xx_hal.o(i.HAL_GetTick)
    i.HAL_IncTick                            0x08000c08   Section        0  stm32f1xx_hal.o(i.HAL_IncTick)
    i.HAL_Init                               0x08000c20   Section        0  stm32f1xx_hal.o(i.HAL_Init)
    i.HAL_InitTick                           0x08000c48   Section        0  stm32f1xx_hal.o(i.HAL_InitTick)
    i.HAL_MspInit                            0x08000c94   Section        0  stm32f1xx_hal_msp.o(i.HAL_MspInit)
    i.HAL_NVIC_EnableIRQ                     0x08000c96   Section        0  stm32f1xx_hal_cortex.o(i.HAL_NVIC_EnableIRQ)
    i.HAL_NVIC_SetPriority                   0x08000cb6   Section        0  stm32f1xx_hal_cortex.o(i.HAL_NVIC_SetPriority)
    i.HAL_NVIC_SetPriorityGrouping           0x08000d34   Section        0  stm32f1xx_hal_cortex.o(i.HAL_NVIC_SetPriorityGrouping)
    i.HAL_RCC_ClockConfig                    0x08000d5c   Section        0  stm32f1xx_hal_rcc.o(i.HAL_RCC_ClockConfig)
    i.HAL_RCC_GetHCLKFreq                    0x08000ee8   Section        0  stm32f1xx_hal_rcc.o(i.HAL_RCC_GetHCLKFreq)
    i.HAL_RCC_GetPCLK1Freq                   0x08000ef4   Section        0  stm32f1xx_hal_rcc.o(i.HAL_RCC_GetPCLK1Freq)
    i.HAL_RCC_GetPCLK2Freq                   0x08000f14   Section        0  stm32f1xx_hal_rcc.o(i.HAL_RCC_GetPCLK2Freq)
    i.HAL_RCC_GetSysClockFreq                0x08000f34   Section        0  stm32f1xx_hal_rcc.o(i.HAL_RCC_GetSysClockFreq)
    i.HAL_RCC_OscConfig                      0x08000fc8   Section        0  stm32f1xx_hal_rcc.o(i.HAL_RCC_OscConfig)
    i.HAL_SPI_Init                           0x0800142c   Section        0  stm32f1xx_hal_spi.o(i.HAL_SPI_Init)
    i.HAL_SPI_MspInit                        0x080014c8   Section        0  spi.o(i.HAL_SPI_MspInit)
    i.HAL_SPI_TransmitReceive                0x08001528   Section        0  stm32f1xx_hal_spi.o(i.HAL_SPI_TransmitReceive)
    i.HAL_SYSTICK_CLKSourceConfig            0x08001816   Section        0  stm32f1xx_hal_cortex.o(i.HAL_SYSTICK_CLKSourceConfig)
    i.HAL_SYSTICK_Config                     0x0800183e   Section        0  stm32f1xx_hal_cortex.o(i.HAL_SYSTICK_Config)
    i.HAL_UART_ErrorCallback                 0x08001872   Section        0  stm32f1xx_hal_uart.o(i.HAL_UART_ErrorCallback)
    i.HAL_UART_IRQHandler                    0x08001874   Section        0  stm32f1xx_hal_uart.o(i.HAL_UART_IRQHandler)
    i.HAL_UART_Init                          0x080019c0   Section        0  stm32f1xx_hal_uart.o(i.HAL_UART_Init)
    i.HAL_UART_MspInit                       0x08001a34   Section        0  usart.o(i.HAL_UART_MspInit)
    i.HAL_UART_Receive_IT                    0x08001adc   Section        0  stm32f1xx_hal_uart.o(i.HAL_UART_Receive_IT)
    i.HAL_UART_RxCpltCallback                0x08001b4c   Section        0  main.o(i.HAL_UART_RxCpltCallback)
    i.HAL_UART_TxCpltCallback                0x08001bb8   Section        0  stm32f1xx_hal_uart.o(i.HAL_UART_TxCpltCallback)
    i.HardFault_Handler                      0x08001bba   Section        0  stm32f1xx_it.o(i.HardFault_Handler)
    i.KEY_Init                               0x08001bc0   Section        0  key.o(i.KEY_Init)
    i.KEY_Scan                               0x08001c44   Section        0  key.o(i.KEY_Scan)
    i.LCD_Clear                              0x08001cec   Section        0  lcd.o(i.LCD_Clear)
    i.LCD_Display_Dir                        0x08001d74   Section        0  lcd.o(i.LCD_Display_Dir)
    i.LCD_DrawLine                           0x08001f34   Section        0  lcd.o(i.LCD_DrawLine)
    i.LCD_DrawPoint                          0x08001fe4   Section        0  lcd.o(i.LCD_DrawPoint)
    i.LCD_DrawRectangle                      0x08002024   Section        0  lcd.o(i.LCD_DrawRectangle)
    i.LCD_Fast_DrawPoint                     0x08002060   Section        0  lcd.o(i.LCD_Fast_DrawPoint)
    i.LCD_Fill                               0x080023c4   Section        0  lcd.o(i.LCD_Fill)
    i.LCD_Init                               0x08002498   Section        0  lcd.o(i.LCD_Init)
    i.LCD_RD_DATA                            0x08006060   Section        0  lcd.o(i.LCD_RD_DATA)
    i.LCD_ReadReg                            0x080060d0   Section        0  lcd.o(i.LCD_ReadReg)
    i.LCD_SSD_BackLightSet                   0x080060e0   Section        0  lcd.o(i.LCD_SSD_BackLightSet)
    i.LCD_Scan_Dir                           0x080061b4   Section        0  lcd.o(i.LCD_Scan_Dir)
    i.LCD_SetCursor                          0x0800660c   Section        0  lcd.o(i.LCD_SetCursor)
    i.LCD_ShowChar                           0x080069c8   Section        0  lcd.o(i.LCD_ShowChar)
    i.LCD_ShowString                         0x08006af0   Section        0  lcd.o(i.LCD_ShowString)
    i.LCD_WR_DATAX                           0x08006b58   Section        0  lcd.o(i.LCD_WR_DATAX)
    i.LCD_WR_REG                             0x08006b7c   Section        0  lcd.o(i.LCD_WR_REG)
    i.LCD_WriteRAM_Prepare                   0x08006ba0   Section        0  lcd.o(i.LCD_WriteRAM_Prepare)
    i.LCD_WriteReg                           0x08006bb0   Section        0  lcd.o(i.LCD_WriteReg)
    i.LED_Init                               0x08006be0   Section        0  led.o(i.LED_Init)
    i.MemManage_Handler                      0x08006c60   Section        0  stm32f1xx_it.o(i.MemManage_Handler)
    i.NMI_Handler                            0x08006c64   Section        0  stm32f1xx_it.o(i.NMI_Handler)
    i.NRF24L01_Check                         0x08006c68   Section        0  24l01.o(i.NRF24L01_Check)
    i.NRF24L01_Init                          0x08006cb8   Section        0  24l01.o(i.NRF24L01_Init)
    i.NRF24L01_RX_Mode                       0x08006d7c   Section        0  24l01.o(i.NRF24L01_RX_Mode)
    i.NRF24L01_Read_Buf                      0x08006dd4   Section        0  24l01.o(i.NRF24L01_Read_Buf)
    i.NRF24L01_Read_Reg                      0x08006e10   Section        0  24l01.o(i.NRF24L01_Read_Reg)
    i.NRF24L01_RxPacket                      0x08006e3c   Section        0  24l01.o(i.NRF24L01_RxPacket)
    i.NRF24L01_SPI_Init                      0x08006e78   Section        0  24l01.o(i.NRF24L01_SPI_Init)
    i.NRF24L01_TX_Mode                       0x08006eac   Section        0  24l01.o(i.NRF24L01_TX_Mode)
    i.NRF24L01_TxPacket                      0x08006f14   Section        0  24l01.o(i.NRF24L01_TxPacket)
    i.NRF24L01_Write_Buf                     0x08006f7c   Section        0  24l01.o(i.NRF24L01_Write_Buf)
    i.NRF24L01_Write_Reg                     0x08006fb8   Section        0  24l01.o(i.NRF24L01_Write_Reg)
    i.PendSV_Handler                         0x08006fe8   Section        0  stm32f1xx_it.o(i.PendSV_Handler)
    i.RCC_Delay                              0x08006fec   Section        0  stm32f1xx_hal_rcc.o(i.RCC_Delay)
    RCC_Delay                                0x08006fed   Thumb Code    36  stm32f1xx_hal_rcc.o(i.RCC_Delay)
    i.SPI1_Init                              0x08007014   Section        0  spi.o(i.SPI1_Init)
    i.SPI1_ReadWriteByte                     0x0800706c   Section        0  spi.o(i.SPI1_ReadWriteByte)
    i.SPI1_SetSpeed                          0x0800708c   Section        0  spi.o(i.SPI1_SetSpeed)
    i.SPI_EndRxTxTransaction                 0x080070d4   Section        0  stm32f1xx_hal_spi.o(i.SPI_EndRxTxTransaction)
    SPI_EndRxTxTransaction                   0x080070d5   Thumb Code    40  stm32f1xx_hal_spi.o(i.SPI_EndRxTxTransaction)
    i.SPI_ISCRCErrorValid                    0x080070fc   Section        0  stm32f1xx_hal_spi.o(i.SPI_ISCRCErrorValid)
    i.SPI_WaitFlagStateUntilTimeout          0x08007102   Section        0  stm32f1xx_hal_spi.o(i.SPI_WaitFlagStateUntilTimeout)
    SPI_WaitFlagStateUntilTimeout            0x08007103   Thumb Code   168  stm32f1xx_hal_spi.o(i.SPI_WaitFlagStateUntilTimeout)
    i.SVC_Handler                            0x080071aa   Section        0  stm32f1xx_it.o(i.SVC_Handler)
    i.Stm32_Clock_Init                       0x080071ac   Section        0  sys.o(i.Stm32_Clock_Init)
    i.SysTick_Handler                        0x08007202   Section        0  stm32f1xx_it.o(i.SysTick_Handler)
    i.SystemInit                             0x0800720c   Section        0  system_stm32f1xx.o(i.SystemInit)
    i.UART_DMAAbortOnError                   0x08007264   Section        0  stm32f1xx_hal_uart.o(i.UART_DMAAbortOnError)
    UART_DMAAbortOnError                     0x08007265   Thumb Code    20  stm32f1xx_hal_uart.o(i.UART_DMAAbortOnError)
    i.UART_EndRxTransfer                     0x08007278   Section        0  stm32f1xx_hal_uart.o(i.UART_EndRxTransfer)
    UART_EndRxTransfer                       0x08007279   Thumb Code    32  stm32f1xx_hal_uart.o(i.UART_EndRxTransfer)
    i.UART_EndTransmit_IT                    0x08007298   Section        0  stm32f1xx_hal_uart.o(i.UART_EndTransmit_IT)
    UART_EndTransmit_IT                      0x08007299   Thumb Code    32  stm32f1xx_hal_uart.o(i.UART_EndTransmit_IT)
    i.UART_Receive_IT                        0x080072b8   Section        0  stm32f1xx_hal_uart.o(i.UART_Receive_IT)
    UART_Receive_IT                          0x080072b9   Thumb Code   166  stm32f1xx_hal_uart.o(i.UART_Receive_IT)
    i.UART_SetConfig                         0x08007360   Section        0  stm32f1xx_hal_uart.o(i.UART_SetConfig)
    UART_SetConfig                           0x08007361   Thumb Code   412  stm32f1xx_hal_uart.o(i.UART_SetConfig)
    i.UART_Transmit_IT                       0x08007500   Section        0  stm32f1xx_hal_uart.o(i.UART_Transmit_IT)
    UART_Transmit_IT                         0x08007501   Thumb Code   104  stm32f1xx_hal_uart.o(i.UART_Transmit_IT)
    i.USART1_IRQHandler                      0x08007568   Section        0  main.o(i.USART1_IRQHandler)
    i.UsageFault_Handler                     0x08007584   Section        0  stm32f1xx_it.o(i.UsageFault_Handler)
    i.__NVIC_GetPriorityGrouping             0x08007588   Section        0  stm32f1xx_hal_cortex.o(i.__NVIC_GetPriorityGrouping)
    __NVIC_GetPriorityGrouping               0x08007589   Thumb Code    10  stm32f1xx_hal_cortex.o(i.__NVIC_GetPriorityGrouping)
    i.__NVIC_SetPriority                     0x08007598   Section        0  stm32f1xx_hal_cortex.o(i.__NVIC_SetPriority)
    __NVIC_SetPriority                       0x08007599   Thumb Code    32  stm32f1xx_hal_cortex.o(i.__NVIC_SetPriority)
    i._is_digit                              0x080075c0   Section        0  __printf_wp.o(i._is_digit)
    i._sys_exit                              0x080075ce   Section        0  usart.o(i._sys_exit)
    i.build_ui                               0x080075d4   Section        0  main.o(i.build_ui)
    i.delay_init                             0x080076c8   Section        0  delay.o(i.delay_init)
    i.delay_ms                               0x080076dc   Section        0  delay.o(i.delay_ms)
    i.delay_us                               0x080076f4   Section        0  delay.o(i.delay_us)
    i.fputc                                  0x0800773c   Section        0  usart.o(i.fputc)
    i.left_show                              0x08007758   Section        0  main.o(i.left_show)
    i.main                                   0x080077a8   Section        0  main.o(i.main)
    i.response                               0x08007a10   Section        0  main.o(i.response)
    i.screen_show                            0x08007ab0   Section        0  main.o(i.screen_show)
    i.screen_write                           0x08007b24   Section        0  main.o(i.screen_write)
    i.show_status                            0x08007bc8   Section        0  main.o(i.show_status)
    i.uart_init                              0x08007c10   Section        0  usart.o(i.uart_init)
    x$fpl$dfixu                              0x08007c48   Section       90  dfixu.o(x$fpl$dfixu)
    x$fpl$dfltu                              0x08007ca2   Section       38  dflt_clz.o(x$fpl$dfltu)
    x$fpl$dmul                               0x08007cc8   Section      340  dmul.o(x$fpl$dmul)
    x$fpl$dnaninf                            0x08007e1c   Section      156  dnaninf.o(x$fpl$dnaninf)
    x$fpl$dretinf                            0x08007eb8   Section       12  dretinf.o(x$fpl$dretinf)
    .constdata                               0x08007ec4   Section       24  system_stm32f1xx.o(.constdata)
    x$fpl$usenofp                            0x08007ec4   Section        0  usenofp.o(x$fpl$usenofp)
    .constdata                               0x08007edc   Section     6080  lcd.o(.constdata)
    .constdata                               0x0800969c   Section       10  24l01.o(.constdata)
    .data                                    0x20000000   Section       60  main.o(.data)
    recv_idx                                 0x20000038   Data           4  main.o(.data)
    .data                                    0x2000003c   Section        4  system_stm32f1xx.o(.data)
    .data                                    0x20000040   Section        9  stm32f1xx_hal.o(.data)
    .data                                    0x2000004c   Section        4  delay.o(.data)
    fac_us                                   0x2000004c   Data           4  delay.o(.data)
    .data                                    0x20000050   Section        7  usart.o(.data)
    .data                                    0x20000058   Section        4  lcd.o(.data)
    .data                                    0x2000005c   Section        1  key.o(.data)
    key_up                                   0x2000005c   Data           1  key.o(.data)
    .bss                                     0x20000060   Section     4775  main.o(.bss)
    tmp                                      0x20000280   Data          65  main.o(.bss)
    tmp                                      0x200002c1   Data          35  main.o(.bss)
    tmp                                      0x200002e4   Data          35  main.o(.bss)
    tem_buf                                  0x20000307   Data        4096  main.o(.bss)
    .bss                                     0x20001308   Section      264  usart.o(.bss)
    .bss                                     0x20001410   Section       14  lcd.o(.bss)
    .bss                                     0x20001420   Section       88  spi.o(.bss)
    .bss                                     0x20001478   Section       96  libspace.o(.bss)
    HEAP                                     0x200014d8   Section      512  startup_stm32f103xe.o(HEAP)
    Heap_Mem                                 0x200014d8   Data         512  startup_stm32f103xe.o(HEAP)
    STACK                                    0x200016d8   Section     1024  startup_stm32f103xe.o(STACK)
    Stack_Mem                                0x200016d8   Data        1024  startup_stm32f103xe.o(STACK)
    __initial_sp                             0x20001ad8   Data           0  startup_stm32f103xe.o(STACK)

    Global Symbols

    Symbol Name                              Value     Ov Type        Size  Object(Section)

    BuildAttributes$$THM_ISAv4$P$D$K$B$S$PE$A:L22UL41UL21$X:L11$S22US41US21$IEEE1$IW$USESV6$~STKCKD$USESV7$~SHL$OSPACE$ROPI$EBA8$UX$STANDARDLIB$REQ8$PRES8$EABIv2 0x00000000   Number         0  anon$$obj.o ABSOLUTE
    __ARM_use_no_argv                        0x00000000   Number         0  main.o ABSOLUTE
    _printf_flags                            0x00000000   Number         0  printf_stubs.o ABSOLUTE
    _printf_return_value                     0x00000000   Number         0  printf_stubs.o ABSOLUTE
    _printf_sizespec                         0x00000000   Number         0  printf_stubs.o ABSOLUTE
    _printf_widthprec                        0x00000000   Number         0  printf_stubs.o ABSOLUTE
    __ARM_exceptions_init                     - Undefined Weak Reference
    __alloca_initialize                       - Undefined Weak Reference
    __arm_preinit_                            - Undefined Weak Reference
    __cpp_initialize__aeabi_                  - Undefined Weak Reference
    __cxa_finalize                            - Undefined Weak Reference
    __rt_locale                               - Undefined Weak Reference
    __sigvec_lookup                           - Undefined Weak Reference
    _atexit_init                              - Undefined Weak Reference
    _call_atexit_fns                          - Undefined Weak Reference
    _clock_init                               - Undefined Weak Reference
    _fp_trap_init                             - Undefined Weak Reference
    _fp_trap_shutdown                         - Undefined Weak Reference
    _get_lc_collate                           - Undefined Weak Reference
    _get_lc_ctype                             - Undefined Weak Reference
    _get_lc_monetary                          - Undefined Weak Reference
    _get_lc_numeric                           - Undefined Weak Reference
    _get_lc_time                              - Undefined Weak Reference
    _getenv_init                              - Undefined Weak Reference
    _handle_redirection                       - Undefined Weak Reference
    _init_alloc                               - Undefined Weak Reference
    _init_user_alloc                          - Undefined Weak Reference
    _initio                                   - Undefined Weak Reference
    _mutex_acquire                            - Undefined Weak Reference
    _mutex_release                            - Undefined Weak Reference
    _printf_mbtowc                            - Undefined Weak Reference
    _rand_init                                - Undefined Weak Reference
    _signal_finish                            - Undefined Weak Reference
    _signal_init                              - Undefined Weak Reference
    _terminate_alloc                          - Undefined Weak Reference
    _terminate_user_alloc                     - Undefined Weak Reference
    _terminateio                              - Undefined Weak Reference
    __Vectors_Size                           0x00000130   Number         0  startup_stm32f103xe.o ABSOLUTE
    __Vectors                                0x08000000   Data           4  startup_stm32f103xe.o(RESET)
    __Vectors_End                            0x08000130   Data           0  startup_stm32f103xe.o(RESET)
    __main                                   0x08000131   Thumb Code     8  __main.o(!!!main)
    __scatterload                            0x08000139   Thumb Code     0  __scatter.o(!!!scatter)
    __scatterload_rt2                        0x08000139   Thumb Code    44  __scatter.o(!!!scatter)
    __scatterload_rt2_thumb_only             0x08000139   Thumb Code     0  __scatter.o(!!!scatter)
    __scatterload_null                       0x08000147   Thumb Code     0  __scatter.o(!!!scatter)
    __scatterload_copy                       0x0800016d   Thumb Code    26  __scatter_copy.o(!!handler_copy)
    __scatterload_zeroinit                   0x08000189   Thumb Code    28  __scatter_zi.o(!!handler_zi)
    _printf_percent                          0x080001a5   Thumb Code     0  _printf_percent.o(.ARM.Collect$$_printf_percent$$00000000)
    _printf_s                                0x080001a5   Thumb Code     0  _printf_s.o(.ARM.Collect$$_printf_percent$$00000014)
    _printf_percent_end                      0x080001ab   Thumb Code     0  _printf_percent_end.o(.ARM.Collect$$_printf_percent$$00000017)
    __rt_lib_init                            0x080001af   Thumb Code     0  libinit.o(.ARM.Collect$$libinit$$00000000)
    __rt_lib_init_alloca_1                   0x080001b1   Thumb Code     0  libinit2.o(.ARM.Collect$$libinit$$0000002E)
    __rt_lib_init_argv_1                     0x080001b1   Thumb Code     0  libinit2.o(.ARM.Collect$$libinit$$0000002C)
    __rt_lib_init_atexit_1                   0x080001b1   Thumb Code     0  libinit2.o(.ARM.Collect$$libinit$$0000001B)
    __rt_lib_init_clock_1                    0x080001b1   Thumb Code     0  libinit2.o(.ARM.Collect$$libinit$$00000021)
    __rt_lib_init_cpp_1                      0x080001b1   Thumb Code     0  libinit2.o(.ARM.Collect$$libinit$$00000032)
    __rt_lib_init_exceptions_1               0x080001b1   Thumb Code     0  libinit2.o(.ARM.Collect$$libinit$$00000030)
    __rt_lib_init_fp_1                       0x080001b1   Thumb Code     0  libinit2.o(.ARM.Collect$$libinit$$00000002)
    __rt_lib_init_fp_trap_1                  0x080001b1   Thumb Code     0  libinit2.o(.ARM.Collect$$libinit$$0000001F)
    __rt_lib_init_getenv_1                   0x080001b1   Thumb Code     0  libinit2.o(.ARM.Collect$$libinit$$00000023)
    __rt_lib_init_heap_1                     0x080001b1   Thumb Code     0  libinit2.o(.ARM.Collect$$libinit$$0000000A)
    __rt_lib_init_lc_collate_1               0x080001b1   Thumb Code     0  libinit2.o(.ARM.Collect$$libinit$$00000011)
    __rt_lib_init_lc_ctype_1                 0x080001b1   Thumb Code     0  libinit2.o(.ARM.Collect$$libinit$$00000013)
    __rt_lib_init_lc_monetary_1              0x080001b1   Thumb Code     0  libinit2.o(.ARM.Collect$$libinit$$00000015)
    __rt_lib_init_lc_numeric_1               0x080001b1   Thumb Code     0  libinit2.o(.ARM.Collect$$libinit$$00000017)
    __rt_lib_init_lc_time_1                  0x080001b1   Thumb Code     0  libinit2.o(.ARM.Collect$$libinit$$00000019)
    __rt_lib_init_preinit_1                  0x080001b1   Thumb Code     0  libinit2.o(.ARM.Collect$$libinit$$00000004)
    __rt_lib_init_rand_1                     0x080001b1   Thumb Code     0  libinit2.o(.ARM.Collect$$libinit$$0000000E)
    __rt_lib_init_return                     0x080001b1   Thumb Code     0  libinit2.o(.ARM.Collect$$libinit$$00000033)
    __rt_lib_init_signal_1                   0x080001b1   Thumb Code     0  libinit2.o(.ARM.Collect$$libinit$$0000001D)
    __rt_lib_init_stdio_1                    0x080001b1   Thumb Code     0  libinit2.o(.ARM.Collect$$libinit$$00000025)
    __rt_lib_init_user_alloc_1               0x080001b1   Thumb Code     0  libinit2.o(.ARM.Collect$$libinit$$0000000C)
    __rt_lib_shutdown                        0x080001b3   Thumb Code     0  libshutdown.o(.ARM.Collect$$libshutdown$$00000000)
    __rt_lib_shutdown_fp_trap_1              0x080001b5   Thumb Code     0  libshutdown2.o(.ARM.Collect$$libshutdown$$00000006)
    __rt_lib_shutdown_heap_1                 0x080001b5   Thumb Code     0  libshutdown2.o(.ARM.Collect$$libshutdown$$0000000E)
    __rt_lib_shutdown_return                 0x080001b5   Thumb Code     0  libshutdown2.o(.ARM.Collect$$libshutdown$$0000000F)
    __rt_lib_shutdown_signal_1               0x080001b5   Thumb Code     0  libshutdown2.o(.ARM.Collect$$libshutdown$$00000009)
    __rt_lib_shutdown_stdio_1                0x080001b5   Thumb Code     0  libshutdown2.o(.ARM.Collect$$libshutdown$$00000003)
    __rt_lib_shutdown_user_alloc_1           0x080001b5   Thumb Code     0  libshutdown2.o(.ARM.Collect$$libshutdown$$0000000B)
    __rt_entry                               0x080001b7   Thumb Code     0  __rtentry.o(.ARM.Collect$$rtentry$$00000000)
    __rt_entry_presh_1                       0x080001b7   Thumb Code     0  __rtentry2.o(.ARM.Collect$$rtentry$$00000002)
    __rt_entry_sh                            0x080001b7   Thumb Code     0  __rtentry4.o(.ARM.Collect$$rtentry$$00000004)
    __rt_entry_li                            0x080001bd   Thumb Code     0  __rtentry2.o(.ARM.Collect$$rtentry$$0000000A)
    __rt_entry_postsh_1                      0x080001bd   Thumb Code     0  __rtentry2.o(.ARM.Collect$$rtentry$$00000009)
    __rt_entry_main                          0x080001c1   Thumb Code     0  __rtentry2.o(.ARM.Collect$$rtentry$$0000000D)
    __rt_entry_postli_1                      0x080001c1   Thumb Code     0  __rtentry2.o(.ARM.Collect$$rtentry$$0000000C)
    __rt_exit                                0x080001c9   Thumb Code     0  rtexit.o(.ARM.Collect$$rtexit$$00000000)
    __rt_exit_ls                             0x080001cb   Thumb Code     0  rtexit2.o(.ARM.Collect$$rtexit$$00000003)
    __rt_exit_prels_1                        0x080001cb   Thumb Code     0  rtexit2.o(.ARM.Collect$$rtexit$$00000002)
    __rt_exit_exit                           0x080001cf   Thumb Code     0  rtexit2.o(.ARM.Collect$$rtexit$$00000004)
    Reset_Handler                            0x080001d5   Thumb Code     8  startup_stm32f103xe.o(.text)
    ADC1_2_IRQHandler                        0x080001ef   Thumb Code     0  startup_stm32f103xe.o(.text)
    ADC3_IRQHandler                          0x080001ef   Thumb Code     0  startup_stm32f103xe.o(.text)
    CAN1_RX1_IRQHandler                      0x080001ef   Thumb Code     0  startup_stm32f103xe.o(.text)
    CAN1_SCE_IRQHandler                      0x080001ef   Thumb Code     0  startup_stm32f103xe.o(.text)
    DMA1_Channel1_IRQHandler                 0x080001ef   Thumb Code     0  startup_stm32f103xe.o(.text)
    DMA1_Channel2_IRQHandler                 0x080001ef   Thumb Code     0  startup_stm32f103xe.o(.text)
    DMA1_Channel3_IRQHandler                 0x080001ef   Thumb Code     0  startup_stm32f103xe.o(.text)
    DMA1_Channel4_IRQHandler                 0x080001ef   Thumb Code     0  startup_stm32f103xe.o(.text)
    DMA1_Channel5_IRQHandler                 0x080001ef   Thumb Code     0  startup_stm32f103xe.o(.text)
    DMA1_Channel6_IRQHandler                 0x080001ef   Thumb Code     0  startup_stm32f103xe.o(.text)
    DMA1_Channel7_IRQHandler                 0x080001ef   Thumb Code     0  startup_stm32f103xe.o(.text)
    DMA2_Channel1_IRQHandler                 0x080001ef   Thumb Code     0  startup_stm32f103xe.o(.text)
    DMA2_Channel2_IRQHandler                 0x080001ef   Thumb Code     0  startup_stm32f103xe.o(.text)
    DMA2_Channel3_IRQHandler                 0x080001ef   Thumb Code     0  startup_stm32f103xe.o(.text)
    DMA2_Channel4_5_IRQHandler               0x080001ef   Thumb Code     0  startup_stm32f103xe.o(.text)
    EXTI0_IRQHandler                         0x080001ef   Thumb Code     0  startup_stm32f103xe.o(.text)
    EXTI15_10_IRQHandler                     0x080001ef   Thumb Code     0  startup_stm32f103xe.o(.text)
    EXTI1_IRQHandler                         0x080001ef   Thumb Code     0  startup_stm32f103xe.o(.text)
    EXTI2_IRQHandler                         0x080001ef   Thumb Code     0  startup_stm32f103xe.o(.text)
    EXTI3_IRQHandler                         0x080001ef   Thumb Code     0  startup_stm32f103xe.o(.text)
    EXTI4_IRQHandler                         0x080001ef   Thumb Code     0  startup_stm32f103xe.o(.text)
    EXTI9_5_IRQHandler                       0x080001ef   Thumb Code     0  startup_stm32f103xe.o(.text)
    FLASH_IRQHandler                         0x080001ef   Thumb Code     0  startup_stm32f103xe.o(.text)
    FSMC_IRQHandler                          0x080001ef   Thumb Code     0  startup_stm32f103xe.o(.text)
    I2C1_ER_IRQHandler                       0x080001ef   Thumb Code     0  startup_stm32f103xe.o(.text)
    I2C1_EV_IRQHandler                       0x080001ef   Thumb Code     0  startup_stm32f103xe.o(.text)
    I2C2_ER_IRQHandler                       0x080001ef   Thumb Code     0  startup_stm32f103xe.o(.text)
    I2C2_EV_IRQHandler                       0x080001ef   Thumb Code     0  startup_stm32f103xe.o(.text)
    PVD_IRQHandler                           0x080001ef   Thumb Code     0  startup_stm32f103xe.o(.text)
    RCC_IRQHandler                           0x080001ef   Thumb Code     0  startup_stm32f103xe.o(.text)
    RTC_Alarm_IRQHandler                     0x080001ef   Thumb Code     0  startup_stm32f103xe.o(.text)
    RTC_IRQHandler                           0x080001ef   Thumb Code     0  startup_stm32f103xe.o(.text)
    SDIO_IRQHandler                          0x080001ef   Thumb Code     0  startup_stm32f103xe.o(.text)
    SPI1_IRQHandler                          0x080001ef   Thumb Code     0  startup_stm32f103xe.o(.text)
    SPI2_IRQHandler                          0x080001ef   Thumb Code     0  startup_stm32f103xe.o(.text)
    SPI3_IRQHandler                          0x080001ef   Thumb Code     0  startup_stm32f103xe.o(.text)
    TAMPER_IRQHandler                        0x080001ef   Thumb Code     0  startup_stm32f103xe.o(.text)
    TIM1_BRK_IRQHandler                      0x080001ef   Thumb Code     0  startup_stm32f103xe.o(.text)
    TIM1_CC_IRQHandler                       0x080001ef   Thumb Code     0  startup_stm32f103xe.o(.text)
    TIM1_TRG_COM_IRQHandler                  0x080001ef   Thumb Code     0  startup_stm32f103xe.o(.text)
    TIM1_UP_IRQHandler                       0x080001ef   Thumb Code     0  startup_stm32f103xe.o(.text)
    TIM2_IRQHandler                          0x080001ef   Thumb Code     0  startup_stm32f103xe.o(.text)
    TIM3_IRQHandler                          0x080001ef   Thumb Code     0  startup_stm32f103xe.o(.text)
    TIM4_IRQHandler                          0x080001ef   Thumb Code     0  startup_stm32f103xe.o(.text)
    TIM5_IRQHandler                          0x080001ef   Thumb Code     0  startup_stm32f103xe.o(.text)
    TIM6_IRQHandler                          0x080001ef   Thumb Code     0  startup_stm32f103xe.o(.text)
    TIM7_IRQHandler                          0x080001ef   Thumb Code     0  startup_stm32f103xe.o(.text)
    TIM8_BRK_IRQHandler                      0x080001ef   Thumb Code     0  startup_stm32f103xe.o(.text)
    TIM8_CC_IRQHandler                       0x080001ef   Thumb Code     0  startup_stm32f103xe.o(.text)
    TIM8_TRG_COM_IRQHandler                  0x080001ef   Thumb Code     0  startup_stm32f103xe.o(.text)
    TIM8_UP_IRQHandler                       0x080001ef   Thumb Code     0  startup_stm32f103xe.o(.text)
    UART4_IRQHandler                         0x080001ef   Thumb Code     0  startup_stm32f103xe.o(.text)
    UART5_IRQHandler                         0x080001ef   Thumb Code     0  startup_stm32f103xe.o(.text)
    USART2_IRQHandler                        0x080001ef   Thumb Code     0  startup_stm32f103xe.o(.text)
    USART3_IRQHandler                        0x080001ef   Thumb Code     0  startup_stm32f103xe.o(.text)
    USBWakeUp_IRQHandler                     0x080001ef   Thumb Code     0  startup_stm32f103xe.o(.text)
    USB_HP_CAN1_TX_IRQHandler                0x080001ef   Thumb Code     0  startup_stm32f103xe.o(.text)
    USB_LP_CAN1_RX0_IRQHandler               0x080001ef   Thumb Code     0  startup_stm32f103xe.o(.text)
    WWDG_IRQHandler                          0x080001ef   Thumb Code     0  startup_stm32f103xe.o(.text)
    __user_initial_stackheap                 0x080001f1   Thumb Code     0  startup_stm32f103xe.o(.text)
    __use_no_semihosting                     0x08000215   Thumb Code     2  use_no_semi_2.o(.text)
    __2printf                                0x08000219   Thumb Code    20  noretval__2printf.o(.text)
    __2sprintf                               0x08000231   Thumb Code    34  noretval__2sprintf.o(.text)
    _printf_pre_padding                      0x08000259   Thumb Code    44  _printf_pad.o(.text)
    _printf_post_padding                     0x08000285   Thumb Code    34  _printf_pad.o(.text)
    _printf_str                              0x080002a7   Thumb Code    82  _printf_str.o(.text)
    __printf                                 0x080002f9   Thumb Code   270  __printf_wp.o(.text)
    strcpy                                   0x08000407   Thumb Code    72  strcpy.o(.text)
    strlen                                   0x0800044f   Thumb Code    62  strlen.o(.text)
    strncpy                                  0x0800048d   Thumb Code    86  strncpy.o(.text)
    strcmp                                   0x080004e5   Thumb Code   128  strcmpv7m.o(.text)
    __use_two_region_memory                  0x08000565   Thumb Code     2  heapauxi.o(.text)
    __rt_heap_escrow$2region                 0x08000567   Thumb Code     2  heapauxi.o(.text)
    __rt_heap_expand$2region                 0x08000569   Thumb Code     2  heapauxi.o(.text)
    __I$use$semihosting                      0x0800056b   Thumb Code     0  use_no_semi.o(.text)
    __use_no_semihosting_swi                 0x0800056b   Thumb Code     2  use_no_semi.o(.text)
    _printf_char_common                      0x08000577   Thumb Code    32  _printf_char_common.o(.text)
    _sputc                                   0x0800059d   Thumb Code    10  _sputc.o(.text)
    _printf_cs_common                        0x080005a7   Thumb Code    20  _printf_char.o(.text)
    _printf_char                             0x080005bb   Thumb Code    16  _printf_char.o(.text)
    _printf_string                           0x080005cb   Thumb Code     8  _printf_char.o(.text)
    _printf_char_file                        0x080005d5   Thumb Code    32  _printf_char_file.o(.text)
    __aeabi_memclr                           0x080005f9   Thumb Code     0  rt_memclr.o(.text)
    __rt_memclr                              0x080005f9   Thumb Code    68  rt_memclr.o(.text)
    _memset                                  0x080005fd   Thumb Code     0  rt_memclr.o(.text)
    ferror                                   0x0800063d   Thumb Code     8  ferror.o(.text)
    __aeabi_memclr4                          0x08000645   Thumb Code     0  rt_memclr_w.o(.text)
    __aeabi_memclr8                          0x08000645   Thumb Code     0  rt_memclr_w.o(.text)
    __rt_memclr_w                            0x08000645   Thumb Code    78  rt_memclr_w.o(.text)
    _memset_w                                0x08000649   Thumb Code     0  rt_memclr_w.o(.text)
    __user_setup_stackheap                   0x08000693   Thumb Code    74  sys_stackheap_outer.o(.text)
    exit                                     0x080006dd   Thumb Code    12  exit.o(.text)
    __user_libspace                          0x080006e9   Thumb Code     8  libspace.o(.text)
    __user_perproc_libspace                  0x080006e9   Thumb Code     0  libspace.o(.text)
    __user_perthread_libspace                0x080006e9   Thumb Code     0  libspace.o(.text)
    BusFault_Handler                         0x080006f1   Thumb Code     4  stm32f1xx_it.o(i.BusFault_Handler)
    DebugMon_Handler                         0x080006f5   Thumb Code     2  stm32f1xx_it.o(i.DebugMon_Handler)
    HAL_DMA_Abort_IT                         0x080006f9   Thumb Code   414  stm32f1xx_hal_dma.o(i.HAL_DMA_Abort_IT)
    HAL_GPIO_Init                            0x080008a1   Thumb Code   792  stm32f1xx_hal_gpio.o(i.HAL_GPIO_Init)
    HAL_GPIO_ReadPin                         0x08000be1   Thumb Code    16  stm32f1xx_hal_gpio.o(i.HAL_GPIO_ReadPin)
    HAL_GPIO_WritePin                        0x08000bf1   Thumb Code    12  stm32f1xx_hal_gpio.o(i.HAL_GPIO_WritePin)
    HAL_GetTick                              0x08000bfd   Thumb Code     6  stm32f1xx_hal.o(i.HAL_GetTick)
    HAL_IncTick                              0x08000c09   Thumb Code    16  stm32f1xx_hal.o(i.HAL_IncTick)
    HAL_Init                                 0x08000c21   Thumb Code    34  stm32f1xx_hal.o(i.HAL_Init)
    HAL_InitTick                             0x08000c49   Thumb Code    64  stm32f1xx_hal.o(i.HAL_InitTick)
    HAL_MspInit                              0x08000c95   Thumb Code     2  stm32f1xx_hal_msp.o(i.HAL_MspInit)
    HAL_NVIC_EnableIRQ                       0x08000c97   Thumb Code    32  stm32f1xx_hal_cortex.o(i.HAL_NVIC_EnableIRQ)
    HAL_NVIC_SetPriority                     0x08000cb7   Thumb Code   124  stm32f1xx_hal_cortex.o(i.HAL_NVIC_SetPriority)
    HAL_NVIC_SetPriorityGrouping             0x08000d35   Thumb Code    32  stm32f1xx_hal_cortex.o(i.HAL_NVIC_SetPriorityGrouping)
    HAL_RCC_ClockConfig                      0x08000d5d   Thumb Code   376  stm32f1xx_hal_rcc.o(i.HAL_RCC_ClockConfig)
    HAL_RCC_GetHCLKFreq                      0x08000ee9   Thumb Code     6  stm32f1xx_hal_rcc.o(i.HAL_RCC_GetHCLKFreq)
    HAL_RCC_GetPCLK1Freq                     0x08000ef5   Thumb Code    22  stm32f1xx_hal_rcc.o(i.HAL_RCC_GetPCLK1Freq)
    HAL_RCC_GetPCLK2Freq                     0x08000f15   Thumb Code    22  stm32f1xx_hal_rcc.o(i.HAL_RCC_GetPCLK2Freq)
    HAL_RCC_GetSysClockFreq                  0x08000f35   Thumb Code   116  stm32f1xx_hal_rcc.o(i.HAL_RCC_GetSysClockFreq)
    HAL_RCC_OscConfig                        0x08000fc9   Thumb Code  1114  stm32f1xx_hal_rcc.o(i.HAL_RCC_OscConfig)
    HAL_SPI_Init                             0x0800142d   Thumb Code   156  stm32f1xx_hal_spi.o(i.HAL_SPI_Init)
    HAL_SPI_MspInit                          0x080014c9   Thumb Code    88  spi.o(i.HAL_SPI_MspInit)
    HAL_SPI_TransmitReceive                  0x08001529   Thumb Code   750  stm32f1xx_hal_spi.o(i.HAL_SPI_TransmitReceive)
    HAL_SYSTICK_CLKSourceConfig              0x08001817   Thumb Code    40  stm32f1xx_hal_cortex.o(i.HAL_SYSTICK_CLKSourceConfig)
    HAL_SYSTICK_Config                       0x0800183f   Thumb Code    52  stm32f1xx_hal_cortex.o(i.HAL_SYSTICK_Config)
    HAL_UART_ErrorCallback                   0x08001873   Thumb Code     2  stm32f1xx_hal_uart.o(i.HAL_UART_ErrorCallback)
    HAL_UART_IRQHandler                      0x08001875   Thumb Code   326  stm32f1xx_hal_uart.o(i.HAL_UART_IRQHandler)
    HAL_UART_Init                            0x080019c1   Thumb Code   114  stm32f1xx_hal_uart.o(i.HAL_UART_Init)
    HAL_UART_MspInit                         0x08001a35   Thumb Code   156  usart.o(i.HAL_UART_MspInit)
    HAL_UART_Receive_IT                      0x08001add   Thumb Code   112  stm32f1xx_hal_uart.o(i.HAL_UART_Receive_IT)
    HAL_UART_RxCpltCallback                  0x08001b4d   Thumb Code    80  main.o(i.HAL_UART_RxCpltCallback)
    HAL_UART_TxCpltCallback                  0x08001bb9   Thumb Code     2  stm32f1xx_hal_uart.o(i.HAL_UART_TxCpltCallback)
    HardFault_Handler                        0x08001bbb   Thumb Code     4  stm32f1xx_it.o(i.HardFault_Handler)
    KEY_Init                                 0x08001bc1   Thumb Code   120  key.o(i.KEY_Init)
    KEY_Scan                                 0x08001c45   Thumb Code   154  key.o(i.KEY_Scan)
    LCD_Clear                                0x08001ced   Thumb Code   122  lcd.o(i.LCD_Clear)
    LCD_Display_Dir                          0x08001d75   Thumb Code   444  lcd.o(i.LCD_Display_Dir)
    LCD_DrawLine                             0x08001f35   Thumb Code   176  lcd.o(i.LCD_DrawLine)
    LCD_DrawPoint                            0x08001fe5   Thumb Code    52  lcd.o(i.LCD_DrawPoint)
    LCD_DrawRectangle                        0x08002025   Thumb Code    60  lcd.o(i.LCD_DrawRectangle)
    LCD_Fast_DrawPoint                       0x08002061   Thumb Code   854  lcd.o(i.LCD_Fast_DrawPoint)
    LCD_Fill                                 0x080023c5   Thumb Code   200  lcd.o(i.LCD_Fill)
    LCD_Init                                 0x08002499   Thumb Code 15304  lcd.o(i.LCD_Init)
    LCD_RD_DATA                              0x08006061   Thumb Code    98  lcd.o(i.LCD_RD_DATA)
    LCD_ReadReg                              0x080060d1   Thumb Code    16  lcd.o(i.LCD_ReadReg)
    LCD_SSD_BackLightSet                     0x080060e1   Thumb Code   198  lcd.o(i.LCD_SSD_BackLightSet)
    LCD_Scan_Dir                             0x080061b5   Thumb Code  1112  lcd.o(i.LCD_Scan_Dir)
    LCD_SetCursor                            0x0800660d   Thumb Code   944  lcd.o(i.LCD_SetCursor)
    LCD_ShowChar                             0x080069c9   Thumb Code   272  lcd.o(i.LCD_ShowChar)
    LCD_ShowString                           0x08006af1   Thumb Code   102  lcd.o(i.LCD_ShowString)
    LCD_WR_DATAX                             0x08006b59   Thumb Code    28  lcd.o(i.LCD_WR_DATAX)
    LCD_WR_REG                               0x08006b7d   Thumb Code    28  lcd.o(i.LCD_WR_REG)
    LCD_WriteRAM_Prepare                     0x08006ba1   Thumb Code    12  lcd.o(i.LCD_WriteRAM_Prepare)
    LCD_WriteReg                             0x08006bb1   Thumb Code    40  lcd.o(i.LCD_WriteReg)
    LED_Init                                 0x08006be1   Thumb Code   116  led.o(i.LED_Init)
    MemManage_Handler                        0x08006c61   Thumb Code     4  stm32f1xx_it.o(i.MemManage_Handler)
    NMI_Handler                              0x08006c65   Thumb Code     2  stm32f1xx_it.o(i.NMI_Handler)
    NRF24L01_Check                           0x08006c69   Thumb Code    72  24l01.o(i.NRF24L01_Check)
    NRF24L01_Init                            0x08006cb9   Thumb Code   174  24l01.o(i.NRF24L01_Init)
    NRF24L01_RX_Mode                         0x08006d7d   Thumb Code    76  24l01.o(i.NRF24L01_RX_Mode)
    NRF24L01_Read_Buf                        0x08006dd5   Thumb Code    56  24l01.o(i.NRF24L01_Read_Buf)
    NRF24L01_Read_Reg                        0x08006e11   Thumb Code    36  24l01.o(i.NRF24L01_Read_Reg)
    NRF24L01_RxPacket                        0x08006e3d   Thumb Code    58  24l01.o(i.NRF24L01_RxPacket)
    NRF24L01_SPI_Init                        0x08006e79   Thumb Code    48  24l01.o(i.NRF24L01_SPI_Init)
    NRF24L01_TX_Mode                         0x08006ead   Thumb Code    86  24l01.o(i.NRF24L01_TX_Mode)
    NRF24L01_TxPacket                        0x08006f15   Thumb Code    94  24l01.o(i.NRF24L01_TxPacket)
    NRF24L01_Write_Buf                       0x08006f7d   Thumb Code    56  24l01.o(i.NRF24L01_Write_Buf)
    NRF24L01_Write_Reg                       0x08006fb9   Thumb Code    38  24l01.o(i.NRF24L01_Write_Reg)
    PendSV_Handler                           0x08006fe9   Thumb Code     2  stm32f1xx_it.o(i.PendSV_Handler)
    SPI1_Init                                0x08007015   Thumb Code    78  spi.o(i.SPI1_Init)
    SPI1_ReadWriteByte                       0x0800706d   Thumb Code    28  spi.o(i.SPI1_ReadWriteByte)
    SPI1_SetSpeed                            0x0800708d   Thumb Code    66  spi.o(i.SPI1_SetSpeed)
    SPI_ISCRCErrorValid                      0x080070fd   Thumb Code     6  stm32f1xx_hal_spi.o(i.SPI_ISCRCErrorValid)
    SVC_Handler                              0x080071ab   Thumb Code     2  stm32f1xx_it.o(i.SVC_Handler)
    Stm32_Clock_Init                         0x080071ad   Thumb Code    86  sys.o(i.Stm32_Clock_Init)
    SysTick_Handler                          0x08007203   Thumb Code     8  stm32f1xx_it.o(i.SysTick_Handler)
    SystemInit                               0x0800720d   Thumb Code    70  system_stm32f1xx.o(i.SystemInit)
    USART1_IRQHandler                        0x08007569   Thumb Code    20  main.o(i.USART1_IRQHandler)
    UsageFault_Handler                       0x08007585   Thumb Code     4  stm32f1xx_it.o(i.UsageFault_Handler)
    _is_digit                                0x080075c1   Thumb Code    14  __printf_wp.o(i._is_digit)
    _sys_exit                                0x080075cf   Thumb Code     4  usart.o(i._sys_exit)
    build_ui                                 0x080075d5   Thumb Code   218  main.o(i.build_ui)
    delay_init                               0x080076c9   Thumb Code    16  delay.o(i.delay_init)
    delay_ms                                 0x080076dd   Thumb Code    24  delay.o(i.delay_ms)
    delay_us                                 0x080076f5   Thumb Code    68  delay.o(i.delay_us)
    fputc                                    0x0800773d   Thumb Code    24  usart.o(i.fputc)
    left_show                                0x08007759   Thumb Code    66  main.o(i.left_show)
    main                                     0x080077a9   Thumb Code   450  main.o(i.main)
    response                                 0x08007a11   Thumb Code   104  main.o(i.response)
    screen_show                              0x08007ab1   Thumb Code    94  main.o(i.screen_show)
    screen_write                             0x08007b25   Thumb Code   142  main.o(i.screen_write)
    show_status                              0x08007bc9   Thumb Code    62  main.o(i.show_status)
    uart_init                                0x08007c11   Thumb Code    44  usart.o(i.uart_init)
    __aeabi_d2uiz                            0x08007c49   Thumb Code     0  dfixu.o(x$fpl$dfixu)
    _dfixu                                   0x08007c49   Thumb Code    90  dfixu.o(x$fpl$dfixu)
    __aeabi_ui2d                             0x08007ca3   Thumb Code     0  dflt_clz.o(x$fpl$dfltu)
    _dfltu                                   0x08007ca3   Thumb Code    38  dflt_clz.o(x$fpl$dfltu)
    __aeabi_dmul                             0x08007cc9   Thumb Code     0  dmul.o(x$fpl$dmul)
    _dmul                                    0x08007cc9   Thumb Code   332  dmul.o(x$fpl$dmul)
    __fpl_dnaninf                            0x08007e1d   Thumb Code   156  dnaninf.o(x$fpl$dnaninf)
    __fpl_dretinf                            0x08007eb9   Thumb Code    12  dretinf.o(x$fpl$dretinf)
    AHBPrescTable                            0x08007ec4   Data          16  system_stm32f1xx.o(.constdata)
    __I$use$fp                               0x08007ec4   Number         0  usenofp.o(x$fpl$usenofp)
    APBPrescTable                            0x08007ed4   Data           8  system_stm32f1xx.o(.constdata)
    asc2_1206                                0x08007edc   Data        1140  lcd.o(.constdata)
    asc2_1608                                0x08008350   Data        1520  lcd.o(.constdata)
    asc2_2412                                0x08008940   Data        3420  lcd.o(.constdata)
    TX_ADDRESS                               0x0800969c   Data           5  24l01.o(.constdata)
    RX_ADDRESS                               0x080096a1   Data           5  24l01.o(.constdata)
    Region$$Table$$Base                      0x080096a8   Number         0  anon$$obj.o(Region$$Table)
    Region$$Table$$Limit                     0x080096c8   Number         0  anon$$obj.o(Region$$Table)
    MESSAGE                                  0x20000000   Data          41  main.o(.data)
    status                                   0x20000029   Data           1  main.o(.data)
    print_idx                                0x2000002c   Data           4  main.o(.data)
    write_idx                                0x20000030   Data           4  main.o(.data)
    is_full                                  0x20000034   Data           4  main.o(.data)
    SystemCoreClock                          0x2000003c   Data           4  system_stm32f1xx.o(.data)
    uwTick                                   0x20000040   Data           4  stm32f1xx_hal.o(.data)
    uwTickPrio                               0x20000044   Data           4  stm32f1xx_hal.o(.data)
    uwTickFreq                               0x20000048   Data           1  stm32f1xx_hal.o(.data)
    __stdout                                 0x20000050   Data           4  usart.o(.data)
    USART_RX_STA                             0x20000054   Data           2  usart.o(.data)
    aRxBuffer                                0x20000056   Data           1  usart.o(.data)
    POINT_COLOR                              0x20000058   Data           2  lcd.o(.data)
    BACK_COLOR                               0x2000005a   Data           2  lcd.o(.data)
    RX_buf                                   0x20000060   Data          41  main.o(.bss)
    uart_buf                                 0x20000089   Data          41  main.o(.bss)
    TX_buf                                   0x200000b2   Data          41  main.o(.bss)
    screen_msg                               0x200000db   Data         400  main.o(.bss)
    line_color                               0x2000026c   Data          20  main.o(.bss)
    USART_RX_BUF                             0x20001308   Data         200  usart.o(.bss)
    UART1_Handler                            0x200013d0   Data          64  usart.o(.bss)
    lcddev                                   0x20001410   Data          14  lcd.o(.bss)
    SPI1_Handler                             0x20001420   Data          88  spi.o(.bss)
    __libspace_start                         0x20001478   Data          96  libspace.o(.bss)
    __temporary_stack_top$libspace           0x200014d8   Data           0  libspace.o(.bss)



==============================================================================

Memory Map of the image

  Image Entry point : 0x08000131

  Load Region LR_IROM1 (Base: 0x08000000, Size: 0x00009728, Max: 0x00040000, ABSOLUTE)

    Execution Region ER_IROM1 (Base: 0x08000000, Size: 0x000096c8, Max: 0x00040000, ABSOLUTE)

    Base Addr    Size         Type   Attr      Idx    E Section Name        Object

    0x08000000   0x00000130   Data   RO          507    RESET               startup_stm32f103xe.o
    0x08000130   0x00000008   Code   RO         3753  * !!!main             c_w.l(__main.o)
    0x08000138   0x00000034   Code   RO         3943    !!!scatter          c_w.l(__scatter.o)
    0x0800016c   0x0000001a   Code   RO         3945    !!handler_copy      c_w.l(__scatter_copy.o)
    0x08000186   0x00000002   PAD
    0x08000188   0x0000001c   Code   RO         3947    !!handler_zi        c_w.l(__scatter_zi.o)
    0x080001a4   0x00000000   Code   RO         3742    .ARM.Collect$$_printf_percent$$00000000  c_w.l(_printf_percent.o)
    0x080001a4   0x00000006   Code   RO         3741    .ARM.Collect$$_printf_percent$$00000014  c_w.l(_printf_s.o)
    0x080001aa   0x00000004   Code   RO         3778    .ARM.Collect$$_printf_percent$$00000017  c_w.l(_printf_percent_end.o)
    0x080001ae   0x00000002   Code   RO         3818    .ARM.Collect$$libinit$$00000000  c_w.l(libinit.o)
    0x080001b0   0x00000000   Code   RO         3825    .ARM.Collect$$libinit$$00000002  c_w.l(libinit2.o)
    0x080001b0   0x00000000   Code   RO         3827    .ARM.Collect$$libinit$$00000004  c_w.l(libinit2.o)
    0x080001b0   0x00000000   Code   RO         3830    .ARM.Collect$$libinit$$0000000A  c_w.l(libinit2.o)
    0x080001b0   0x00000000   Code   RO         3832    .ARM.Collect$$libinit$$0000000C  c_w.l(libinit2.o)
    0x080001b0   0x00000000   Code   RO         3834    .ARM.Collect$$libinit$$0000000E  c_w.l(libinit2.o)
    0x080001b0   0x00000000   Code   RO         3837    .ARM.Collect$$libinit$$00000011  c_w.l(libinit2.o)
    0x080001b0   0x00000000   Code   RO         3839    .ARM.Collect$$libinit$$00000013  c_w.l(libinit2.o)
    0x080001b0   0x00000000   Code   RO         3841    .ARM.Collect$$libinit$$00000015  c_w.l(libinit2.o)
    0x080001b0   0x00000000   Code   RO         3843    .ARM.Collect$$libinit$$00000017  c_w.l(libinit2.o)
    0x080001b0   0x00000000   Code   RO         3845    .ARM.Collect$$libinit$$00000019  c_w.l(libinit2.o)
    0x080001b0   0x00000000   Code   RO         3847    .ARM.Collect$$libinit$$0000001B  c_w.l(libinit2.o)
    0x080001b0   0x00000000   Code   RO         3849    .ARM.Collect$$libinit$$0000001D  c_w.l(libinit2.o)
    0x080001b0   0x00000000   Code   RO         3851    .ARM.Collect$$libinit$$0000001F  c_w.l(libinit2.o)
    0x080001b0   0x00000000   Code   RO         3853    .ARM.Collect$$libinit$$00000021  c_w.l(libinit2.o)
    0x080001b0   0x00000000   Code   RO         3855    .ARM.Collect$$libinit$$00000023  c_w.l(libinit2.o)
    0x080001b0   0x00000000   Code   RO         3857    .ARM.Collect$$libinit$$00000025  c_w.l(libinit2.o)
    0x080001b0   0x00000000   Code   RO         3861    .ARM.Collect$$libinit$$0000002C  c_w.l(libinit2.o)
    0x080001b0   0x00000000   Code   RO         3863    .ARM.Collect$$libinit$$0000002E  c_w.l(libinit2.o)
    0x080001b0   0x00000000   Code   RO         3865    .ARM.Collect$$libinit$$00000030  c_w.l(libinit2.o)
    0x080001b0   0x00000000   Code   RO         3867    .ARM.Collect$$libinit$$00000032  c_w.l(libinit2.o)
    0x080001b0   0x00000002   Code   RO         3868    .ARM.Collect$$libinit$$00000033  c_w.l(libinit2.o)
    0x080001b2   0x00000002   Code   RO         3886    .ARM.Collect$$libshutdown$$00000000  c_w.l(libshutdown.o)
    0x080001b4   0x00000000   Code   RO         3897    .ARM.Collect$$libshutdown$$00000003  c_w.l(libshutdown2.o)
    0x080001b4   0x00000000   Code   RO         3900    .ARM.Collect$$libshutdown$$00000006  c_w.l(libshutdown2.o)
    0x080001b4   0x00000000   Code   RO         3903    .ARM.Collect$$libshutdown$$00000009  c_w.l(libshutdown2.o)
    0x080001b4   0x00000000   Code   RO         3905    .ARM.Collect$$libshutdown$$0000000B  c_w.l(libshutdown2.o)
    0x080001b4   0x00000000   Code   RO         3908    .ARM.Collect$$libshutdown$$0000000E  c_w.l(libshutdown2.o)
    0x080001b4   0x00000002   Code   RO         3909    .ARM.Collect$$libshutdown$$0000000F  c_w.l(libshutdown2.o)
    0x080001b6   0x00000000   Code   RO         3769    .ARM.Collect$$rtentry$$00000000  c_w.l(__rtentry.o)
    0x080001b6   0x00000000   Code   RO         3787    .ARM.Collect$$rtentry$$00000002  c_w.l(__rtentry2.o)
    0x080001b6   0x00000006   Code   RO         3799    .ARM.Collect$$rtentry$$00000004  c_w.l(__rtentry4.o)
    0x080001bc   0x00000000   Code   RO         3789    .ARM.Collect$$rtentry$$00000009  c_w.l(__rtentry2.o)
    0x080001bc   0x00000004   Code   RO         3790    .ARM.Collect$$rtentry$$0000000A  c_w.l(__rtentry2.o)
    0x080001c0   0x00000000   Code   RO         3792    .ARM.Collect$$rtentry$$0000000C  c_w.l(__rtentry2.o)
    0x080001c0   0x00000008   Code   RO         3793    .ARM.Collect$$rtentry$$0000000D  c_w.l(__rtentry2.o)
    0x080001c8   0x00000002   Code   RO         3822    .ARM.Collect$$rtexit$$00000000  c_w.l(rtexit.o)
    0x080001ca   0x00000000   Code   RO         3870    .ARM.Collect$$rtexit$$00000002  c_w.l(rtexit2.o)
    0x080001ca   0x00000004   Code   RO         3871    .ARM.Collect$$rtexit$$00000003  c_w.l(rtexit2.o)
    0x080001ce   0x00000006   Code   RO         3872    .ARM.Collect$$rtexit$$00000004  c_w.l(rtexit2.o)
    0x080001d4   0x00000040   Code   RO          508    .text               startup_stm32f103xe.o
    0x08000214   0x00000002   Code   RO         3705    .text               c_w.l(use_no_semi_2.o)
    0x08000216   0x00000002   PAD
    0x08000218   0x00000018   Code   RO         3711    .text               c_w.l(noretval__2printf.o)
    0x08000230   0x00000028   Code   RO         3713    .text               c_w.l(noretval__2sprintf.o)
    0x08000258   0x0000004e   Code   RO         3717    .text               c_w.l(_printf_pad.o)
    0x080002a6   0x00000052   Code   RO         3719    .text               c_w.l(_printf_str.o)
    0x080002f8   0x0000010e   Code   RO         3729    .text               c_w.l(__printf_wp.o)
    0x08000406   0x00000048   Code   RO         3743    .text               c_w.l(strcpy.o)
    0x0800044e   0x0000003e   Code   RO         3745    .text               c_w.l(strlen.o)
    0x0800048c   0x00000056   Code   RO         3747    .text               c_w.l(strncpy.o)
    0x080004e2   0x00000002   PAD
    0x080004e4   0x00000080   Code   RO         3749    .text               c_w.l(strcmpv7m.o)
    0x08000564   0x00000006   Code   RO         3751    .text               c_w.l(heapauxi.o)
    0x0800056a   0x00000002   Code   RO         3767    .text               c_w.l(use_no_semi.o)
    0x0800056c   0x00000030   Code   RO         3770    .text               c_w.l(_printf_char_common.o)
    0x0800059c   0x0000000a   Code   RO         3772    .text               c_w.l(_sputc.o)
    0x080005a6   0x0000002c   Code   RO         3774    .text               c_w.l(_printf_char.o)
    0x080005d2   0x00000002   PAD
    0x080005d4   0x00000024   Code   RO         3776    .text               c_w.l(_printf_char_file.o)
    0x080005f8   0x00000044   Code   RO         3779    .text               c_w.l(rt_memclr.o)
    0x0800063c   0x00000008   Code   RO         3803    .text               c_w.l(ferror.o)
    0x08000644   0x0000004e   Code   RO         3807    .text               c_w.l(rt_memclr_w.o)
    0x08000692   0x0000004a   Code   RO         3809    .text               c_w.l(sys_stackheap_outer.o)
    0x080006dc   0x0000000c   Code   RO         3811    .text               c_w.l(exit.o)
    0x080006e8   0x00000008   Code   RO         3819    .text               c_w.l(libspace.o)
    0x080006f0   0x00000004   Code   RO          281    i.BusFault_Handler  stm32f1xx_it.o
    0x080006f4   0x00000002   Code   RO          282    i.DebugMon_Handler  stm32f1xx_it.o
    0x080006f6   0x00000002   PAD
    0x080006f8   0x000001a8   Code   RO         1780    i.HAL_DMA_Abort_IT  stm32f1xx_hal_dma.o
    0x080008a0   0x00000340   Code   RO          814    i.HAL_GPIO_Init     stm32f1xx_hal_gpio.o
    0x08000be0   0x00000010   Code   RO          816    i.HAL_GPIO_ReadPin  stm32f1xx_hal_gpio.o
    0x08000bf0   0x0000000c   Code   RO          818    i.HAL_GPIO_WritePin  stm32f1xx_hal_gpio.o
    0x08000bfc   0x0000000c   Code   RO          526    i.HAL_GetTick       stm32f1xx_hal.o
    0x08000c08   0x00000018   Code   RO          532    i.HAL_IncTick       stm32f1xx_hal.o
    0x08000c20   0x00000028   Code   RO          533    i.HAL_Init          stm32f1xx_hal.o
    0x08000c48   0x0000004c   Code   RO          534    i.HAL_InitTick      stm32f1xx_hal.o
    0x08000c94   0x00000002   Code   RO          479    i.HAL_MspInit       stm32f1xx_hal_msp.o
    0x08000c96   0x00000020   Code   RO          691    i.HAL_NVIC_EnableIRQ  stm32f1xx_hal_cortex.o
    0x08000cb6   0x0000007c   Code   RO          697    i.HAL_NVIC_SetPriority  stm32f1xx_hal_cortex.o
    0x08000d32   0x00000002   PAD
    0x08000d34   0x00000028   Code   RO          698    i.HAL_NVIC_SetPriorityGrouping  stm32f1xx_hal_cortex.o
    0x08000d5c   0x0000018c   Code   RO         1039    i.HAL_RCC_ClockConfig  stm32f1xx_hal_rcc.o
    0x08000ee8   0x0000000c   Code   RO         1044    i.HAL_RCC_GetHCLKFreq  stm32f1xx_hal_rcc.o
    0x08000ef4   0x00000020   Code   RO         1046    i.HAL_RCC_GetPCLK1Freq  stm32f1xx_hal_rcc.o
    0x08000f14   0x00000020   Code   RO         1047    i.HAL_RCC_GetPCLK2Freq  stm32f1xx_hal_rcc.o
    0x08000f34   0x00000094   Code   RO         1048    i.HAL_RCC_GetSysClockFreq  stm32f1xx_hal_rcc.o
    0x08000fc8   0x00000464   Code   RO         1051    i.HAL_RCC_OscConfig  stm32f1xx_hal_rcc.o
    0x0800142c   0x0000009c   Code   RO         2823    i.HAL_SPI_Init      stm32f1xx_hal_spi.o
    0x080014c8   0x00000060   Code   RO         3658    i.HAL_SPI_MspInit   spi.o
    0x08001528   0x000002ee   Code   RO         2832    i.HAL_SPI_TransmitReceive  stm32f1xx_hal_spi.o
    0x08001816   0x00000028   Code   RO          700    i.HAL_SYSTICK_CLKSourceConfig  stm32f1xx_hal_cortex.o
    0x0800183e   0x00000034   Code   RO          702    i.HAL_SYSTICK_Config  stm32f1xx_hal_cortex.o
    0x08001872   0x00000002   Code   RO         1202    i.HAL_UART_ErrorCallback  stm32f1xx_hal_uart.o
    0x08001874   0x0000014c   Code   RO         1205    i.HAL_UART_IRQHandler  stm32f1xx_hal_uart.o
    0x080019c0   0x00000072   Code   RO         1206    i.HAL_UART_Init     stm32f1xx_hal_uart.o
    0x08001a32   0x00000002   PAD
    0x08001a34   0x000000a8   Code   RO         3244    i.HAL_UART_MspInit  usart.o
    0x08001adc   0x00000070   Code   RO         1211    i.HAL_UART_Receive_IT  stm32f1xx_hal_uart.o
    0x08001b4c   0x0000006c   Code   RO            4    i.HAL_UART_RxCpltCallback  main.o
    0x08001bb8   0x00000002   Code   RO         1217    i.HAL_UART_TxCpltCallback  stm32f1xx_hal_uart.o
    0x08001bba   0x00000004   Code   RO          283    i.HardFault_Handler  stm32f1xx_it.o
    0x08001bbe   0x00000002   PAD
    0x08001bc0   0x00000084   Code   RO         3536    i.KEY_Init          key.o
    0x08001c44   0x000000a8   Code   RO         3537    i.KEY_Scan          key.o
    0x08001cec   0x00000088   Code   RO         3322    i.LCD_Clear         lcd.o
    0x08001d74   0x000001c0   Code   RO         3326    i.LCD_Display_Dir   lcd.o
    0x08001f34   0x000000b0   Code   RO         3327    i.LCD_DrawLine      lcd.o
    0x08001fe4   0x00000040   Code   RO         3328    i.LCD_DrawPoint     lcd.o
    0x08002024   0x0000003c   Code   RO         3329    i.LCD_DrawRectangle  lcd.o
    0x08002060   0x00000364   Code   RO         3331    i.LCD_Fast_DrawPoint  lcd.o
    0x080023c4   0x000000d4   Code   RO         3332    i.LCD_Fill          lcd.o
    0x08002498   0x00003bc8   Code   RO         3333    i.LCD_Init          lcd.o
    0x08006060   0x00000070   Code   RO         3335    i.LCD_RD_DATA       lcd.o
    0x080060d0   0x00000010   Code   RO         3337    i.LCD_ReadReg       lcd.o
    0x080060e0   0x000000d4   Code   RO         3338    i.LCD_SSD_BackLightSet  lcd.o
    0x080061b4   0x00000458   Code   RO         3339    i.LCD_Scan_Dir      lcd.o
    0x0800660c   0x000003bc   Code   RO         3340    i.LCD_SetCursor     lcd.o
    0x080069c8   0x00000128   Code   RO         3342    i.LCD_ShowChar      lcd.o
    0x08006af0   0x00000066   Code   RO         3344    i.LCD_ShowString    lcd.o
    0x08006b56   0x00000002   PAD
    0x08006b58   0x00000024   Code   RO         3346    i.LCD_WR_DATAX      lcd.o
    0x08006b7c   0x00000024   Code   RO         3347    i.LCD_WR_REG        lcd.o
    0x08006ba0   0x00000010   Code   RO         3349    i.LCD_WriteRAM_Prepare  lcd.o
    0x08006bb0   0x00000030   Code   RO         3350    i.LCD_WriteReg      lcd.o
    0x08006be0   0x00000080   Code   RO         3297    i.LED_Init          led.o
    0x08006c60   0x00000004   Code   RO          284    i.MemManage_Handler  stm32f1xx_it.o
    0x08006c64   0x00000002   Code   RO          285    i.NMI_Handler       stm32f1xx_it.o
    0x08006c66   0x00000002   PAD
    0x08006c68   0x00000050   Code   RO         3567    i.NRF24L01_Check    24l01.o
    0x08006cb8   0x000000c4   Code   RO         3568    i.NRF24L01_Init     24l01.o
    0x08006d7c   0x00000058   Code   RO         3569    i.NRF24L01_RX_Mode  24l01.o
    0x08006dd4   0x0000003c   Code   RO         3570    i.NRF24L01_Read_Buf  24l01.o
    0x08006e10   0x0000002c   Code   RO         3571    i.NRF24L01_Read_Reg  24l01.o
    0x08006e3c   0x0000003a   Code   RO         3572    i.NRF24L01_RxPacket  24l01.o
    0x08006e76   0x00000002   PAD
    0x08006e78   0x00000034   Code   RO         3573    i.NRF24L01_SPI_Init  24l01.o
    0x08006eac   0x00000068   Code   RO         3574    i.NRF24L01_TX_Mode  24l01.o
    0x08006f14   0x00000068   Code   RO         3575    i.NRF24L01_TxPacket  24l01.o
    0x08006f7c   0x0000003c   Code   RO         3576    i.NRF24L01_Write_Buf  24l01.o
    0x08006fb8   0x00000030   Code   RO         3577    i.NRF24L01_Write_Reg  24l01.o
    0x08006fe8   0x00000002   Code   RO          286    i.PendSV_Handler    stm32f1xx_it.o
    0x08006fea   0x00000002   PAD
    0x08006fec   0x00000028   Code   RO         1052    i.RCC_Delay         stm32f1xx_hal_rcc.o
    0x08007014   0x00000058   Code   RO         3659    i.SPI1_Init         spi.o
    0x0800706c   0x00000020   Code   RO         3660    i.SPI1_ReadWriteByte  spi.o
    0x0800708c   0x00000048   Code   RO         3661    i.SPI1_SetSpeed     spi.o
    0x080070d4   0x00000028   Code   RO         2863    i.SPI_EndRxTxTransaction  stm32f1xx_hal_spi.o
    0x080070fc   0x00000006   Code   RO         2864    i.SPI_ISCRCErrorValid  stm32f1xx_hal_spi.o
    0x08007102   0x000000a8   Code   RO         2871    i.SPI_WaitFlagStateUntilTimeout  stm32f1xx_hal_spi.o
    0x080071aa   0x00000002   Code   RO          287    i.SVC_Handler       stm32f1xx_it.o
    0x080071ac   0x00000056   Code   RO         3201    i.Stm32_Clock_Init  sys.o
    0x08007202   0x00000008   Code   RO          288    i.SysTick_Handler   stm32f1xx_it.o
    0x0800720a   0x00000002   PAD
    0x0800720c   0x00000058   Code   RO          360    i.SystemInit        system_stm32f1xx.o
    0x08007264   0x00000014   Code   RO         1219    i.UART_DMAAbortOnError  stm32f1xx_hal_uart.o
    0x08007278   0x00000020   Code   RO         1229    i.UART_EndRxTransfer  stm32f1xx_hal_uart.o
    0x08007298   0x00000020   Code   RO         1230    i.UART_EndTransmit_IT  stm32f1xx_hal_uart.o
    0x080072b8   0x000000a6   Code   RO         1232    i.UART_Receive_IT   stm32f1xx_hal_uart.o
    0x0800735e   0x00000002   PAD
    0x08007360   0x000001a0   Code   RO         1233    i.UART_SetConfig    stm32f1xx_hal_uart.o
    0x08007500   0x00000068   Code   RO         1234    i.UART_Transmit_IT  stm32f1xx_hal_uart.o
    0x08007568   0x0000001c   Code   RO            5    i.USART1_IRQHandler  main.o
    0x08007584   0x00000004   Code   RO          289    i.UsageFault_Handler  stm32f1xx_it.o
    0x08007588   0x00000010   Code   RO          704    i.__NVIC_GetPriorityGrouping  stm32f1xx_hal_cortex.o
    0x08007598   0x00000028   Code   RO          705    i.__NVIC_SetPriority  stm32f1xx_hal_cortex.o
    0x080075c0   0x0000000e   Code   RO         3731    i._is_digit         c_w.l(__printf_wp.o)
    0x080075ce   0x00000004   Code   RO         3245    i._sys_exit         usart.o
    0x080075d2   0x00000002   PAD
    0x080075d4   0x000000f4   Code   RO            6    i.build_ui          main.o
    0x080076c8   0x00000014   Code   RO         3160    i.delay_init        delay.o
    0x080076dc   0x00000018   Code   RO         3161    i.delay_ms          delay.o
    0x080076f4   0x00000048   Code   RO         3162    i.delay_us          delay.o
    0x0800773c   0x0000001c   Code   RO         3246    i.fputc             usart.o
    0x08007758   0x00000050   Code   RO            7    i.left_show         main.o
    0x080077a8   0x00000268   Code   RO            8    i.main              main.o
    0x08007a10   0x000000a0   Code   RO            9    i.response          main.o
    0x08007ab0   0x00000074   Code   RO           10    i.screen_show       main.o
    0x08007b24   0x000000a4   Code   RO           11    i.screen_write      main.o
    0x08007bc8   0x00000048   Code   RO           12    i.show_status       main.o
    0x08007c10   0x00000038   Code   RO         3247    i.uart_init         usart.o
    0x08007c48   0x0000005a   Code   RO         3755    x$fpl$dfixu         fz_ws.l(dfixu.o)
    0x08007ca2   0x00000026   Code   RO         3759    x$fpl$dfltu         fz_ws.l(dflt_clz.o)
    0x08007cc8   0x00000154   Code   RO         3765    x$fpl$dmul          fz_ws.l(dmul.o)
    0x08007e1c   0x0000009c   Code   RO         3781    x$fpl$dnaninf       fz_ws.l(dnaninf.o)
    0x08007eb8   0x0000000c   Code   RO         3783    x$fpl$dretinf       fz_ws.l(dretinf.o)
    0x08007ec4   0x00000000   Code   RO         3785    x$fpl$usenofp       fz_ws.l(usenofp.o)
    0x08007ec4   0x00000018   Data   RO          361    .constdata          system_stm32f1xx.o
    0x08007edc   0x000017c0   Data   RO         3353    .constdata          lcd.o
    0x0800969c   0x0000000a   Data   RO         3578    .constdata          24l01.o
    0x080096a6   0x00000002   PAD
    0x080096a8   0x00000020   Data   RO         3941    Region$$Table       anon$$obj.o


    Execution Region RW_IRAM1 (Base: 0x20000000, Size: 0x00001ad8, Max: 0x0000c000, ABSOLUTE)

    Base Addr    Size         Type   Attr      Idx    E Section Name        Object

    0x20000000   0x0000003c   Data   RW           14    .data               main.o
    0x2000003c   0x00000004   Data   RW          362    .data               system_stm32f1xx.o
    0x20000040   0x00000009   Data   RW          540    .data               stm32f1xx_hal.o
    0x20000049   0x00000003   PAD
    0x2000004c   0x00000004   Data   RW         3163    .data               delay.o
    0x20000050   0x00000007   Data   RW         3249    .data               usart.o
    0x20000057   0x00000001   PAD
    0x20000058   0x00000004   Data   RW         3354    .data               lcd.o
    0x2000005c   0x00000001   Data   RW         3538    .data               key.o
    0x2000005d   0x00000003   PAD
    0x20000060   0x000012a7   Zero   RW           13    .bss                main.o
    0x20001307   0x00000001   PAD
    0x20001308   0x00000108   Zero   RW         3248    .bss                usart.o
    0x20001410   0x0000000e   Zero   RW         3352    .bss                lcd.o
    0x2000141e   0x00000002   PAD
    0x20001420   0x00000058   Zero   RW         3662    .bss                spi.o
    0x20001478   0x00000060   Zero   RW         3820    .bss                c_w.l(libspace.o)
    0x200014d8   0x00000200   Zero   RW          506    HEAP                startup_stm32f103xe.o
    0x200016d8   0x00000400   Zero   RW          505    STACK               startup_stm32f103xe.o


==============================================================================

Image component sizes


      Code (inc. data)   RO Data    RW Data    ZI Data      Debug   Object Name

       894        100         10          0          0       6709   24l01.o
       116          8          0          4          0       1651   delay.o
       300         26          0          1          0       1446   key.o
     20210        252       6080          4         14      24526   lcd.o
       128         12          0          0          0        803   led.o
      1588        352          0         60       4775     465708   main.o
       288         28          0          0         88       2422   spi.o
        64         26        304          0       1536        756   startup_stm32f103xe.o
       152         32          0          9          0       5585   stm32f1xx_hal.o
       344         22          0          0          0      29453   stm32f1xx_hal_cortex.o
       424         10          0          0          0       1135   stm32f1xx_hal_dma.o
       860         40          0          0          0       3147   stm32f1xx_hal_gpio.o
         2          0          0          0          0        370   stm32f1xx_hal_msp.o
      1784        110          0          0          0       5660   stm32f1xx_hal_rcc.o
      1120          0          0          0          0       4639   stm32f1xx_hal_spi.o
      1332         10          0          0          0       7095   stm32f1xx_hal_uart.o
        32          0          0          0          0       3350   stm32f1xx_it.o
        86          0          0          0          0        639   sys.o
        88         18         24          4          0        951   system_stm32f1xx.o
       256         28          0          7        264       3915   usart.o

    ----------------------------------------------------------------------
     30090       1074       6452         96       6680     569960   Object Totals
         0          0         32          0          0          0   (incl. Generated)
        22          0          2          7          3          0   (incl. Padding)

    ----------------------------------------------------------------------

      Code (inc. data)   RO Data    RW Data    ZI Data      Debug   Library Member Name

         8          0          0          0          0         68   __main.o
       284          0          0          0          0        156   __printf_wp.o
         0          0          0          0          0          0   __rtentry.o
        12          0          0          0          0          0   __rtentry2.o
         6          0          0          0          0          0   __rtentry4.o
        52          8          0          0          0          0   __scatter.o
        26          0          0          0          0          0   __scatter_copy.o
        28          0          0          0          0          0   __scatter_zi.o
        44          0          0          0          0        108   _printf_char.o
        48          6          0          0          0         96   _printf_char_common.o
        36          4          0          0          0         80   _printf_char_file.o
        78          0          0          0          0        108   _printf_pad.o
         0          0          0          0          0          0   _printf_percent.o
         4          0          0          0          0          0   _printf_percent_end.o
         6          0          0          0          0          0   _printf_s.o
        82          0          0          0          0         80   _printf_str.o
        10          0          0          0          0         68   _sputc.o
        12          0          0          0          0         72   exit.o
         8          0          0          0          0         68   ferror.o
         6          0          0          0          0        152   heapauxi.o
         2          0          0          0          0          0   libinit.o
         2          0          0          0          0          0   libinit2.o
         2          0          0          0          0          0   libshutdown.o
         2          0          0          0          0          0   libshutdown2.o
         8          4          0          0         96         68   libspace.o
        24          4          0          0          0         84   noretval__2printf.o
        40          6          0          0          0         84   noretval__2sprintf.o
        68          0          0          0          0         68   rt_memclr.o
        78          0          0          0          0         80   rt_memclr_w.o
         2          0          0          0          0          0   rtexit.o
        10          0          0          0          0          0   rtexit2.o
       128          0          0          0          0         68   strcmpv7m.o
        72          0          0          0          0         80   strcpy.o
        62          0          0          0          0         76   strlen.o
        86          0          0          0          0         76   strncpy.o
        74          0          0          0          0         80   sys_stackheap_outer.o
         2          0          0          0          0         68   use_no_semi.o
         2          0          0          0          0         68   use_no_semi_2.o
        90          4          0          0          0         92   dfixu.o
        38          0          0          0          0         68   dflt_clz.o
       340         12          0          0          0        104   dmul.o
       156          4          0          0          0         92   dnaninf.o
        12          0          0          0          0         68   dretinf.o
         0          0          0          0          0          0   usenofp.o

    ----------------------------------------------------------------------
      2058         52          0          0         96       2380   Library Totals
         8          0          0          0          0          0   (incl. Padding)

    ----------------------------------------------------------------------

      Code (inc. data)   RO Data    RW Data    ZI Data      Debug   Library Name

      1414         32          0          0         96       1956   c_w.l
       636         20          0          0          0        424   fz_ws.l

    ----------------------------------------------------------------------
      2058         52          0          0         96       2380   Library Totals

    ----------------------------------------------------------------------

==============================================================================


      Code (inc. data)   RO Data    RW Data    ZI Data      Debug   

     32148       1126       6452         96       6776     565940   Grand Totals
     32148       1126       6452         96       6776     565940   ELF Image Totals
     32148       1126       6452         96          0          0   ROM Totals

==============================================================================

    Total RO  Size (Code + RO Data)                38600 (  37.70kB)
    Total RW  Size (RW Data + ZI Data)              6872 (   6.71kB)
    Total ROM Size (Code + RO Data + RW Data)      38696 (  37.79kB)

==============================================================================

